Component: ARM Compiler 5.06 update 5 (build 528) Tool: armlink [4d35e2]

==============================================================================

Section Cross References

    startup_stm32f103xb.o(STACK) refers (Special) to heapauxi.o(.text) for __use_two_region_memory
    startup_stm32f103xb.o(HEAP) refers (Special) to heapauxi.o(.text) for __use_two_region_memory
    startup_stm32f103xb.o(RESET) refers (Special) to heapauxi.o(.text) for __use_two_region_memory
    startup_stm32f103xb.o(RESET) refers to startup_stm32f103xb.o(STACK) for __initial_sp
    startup_stm32f103xb.o(RESET) refers to startup_stm32f103xb.o(.text) for Reset_Handler
    startup_stm32f103xb.o(RESET) refers to stm32f1xx_it.o(i.NMI_Handler) for NMI_Handler
    startup_stm32f103xb.o(RESET) refers to stm32f1xx_it.o(i.HardFault_Handler) for HardFault_Handler
    startup_stm32f103xb.o(RESET) refers to stm32f1xx_it.o(i.MemManage_Handler) for MemManage_Handler
    startup_stm32f103xb.o(RESET) refers to stm32f1xx_it.o(i.BusFault_Handler) for BusFault_Handler
    startup_stm32f103xb.o(RESET) refers to stm32f1xx_it.o(i.UsageFault_Handler) for UsageFault_Handler
    startup_stm32f103xb.o(RESET) refers to stm32f1xx_it.o(i.SVC_Handler) for SVC_Handler
    startup_stm32f103xb.o(RESET) refers to stm32f1xx_it.o(i.DebugMon_Handler) for DebugMon_Handler
    startup_stm32f103xb.o(RESET) refers to stm32f1xx_it.o(i.PendSV_Handler) for PendSV_Handler
    startup_stm32f103xb.o(RESET) refers to stm32f1xx_it.o(i.SysTick_Handler) for SysTick_Handler
    startup_stm32f103xb.o(.text) refers (Special) to heapauxi.o(.text) for __use_two_region_memory
    startup_stm32f103xb.o(.text) refers to system_stm32f1xx.o(i.SystemInit) for SystemInit
    startup_stm32f103xb.o(.text) refers to __main.o(!!!main) for __main
    startup_stm32f103xb.o(.text) refers to startup_stm32f103xb.o(HEAP) for Heap_Mem
    startup_stm32f103xb.o(.text) refers to startup_stm32f103xb.o(STACK) for Stack_Mem
    font.o(.constdata) refers to font.o(.constdata) for ascii_8x6
    font.o(.constdata) refers to font.o(.constdata) for ascii_12x6
    font.o(.constdata) refers to font.o(.constdata) for ascii_16x8
    font.o(.constdata) refers to font.o(.constdata) for ascii_24x12
    font.o(.constdata) refers to font.o(.constdata) for zh16x16
    font.o(.constdata) refers to font.o(.constdata) for afont16x8
    font.o(.constdata) refers to font.o(.constdata) for bilibiliData
    oled.o(i.OLED_DisPlay_Off) refers to oled.o(i.OLED_SendCmd) for OLED_SendCmd
    oled.o(i.OLED_DisPlay_On) refers to oled.o(i.OLED_SendCmd) for OLED_SendCmd
    oled.o(i.OLED_DrawCircle) refers to oled.o(i.OLED_SetPixel) for OLED_SetPixel
    oled.o(i.OLED_DrawEllipse) refers to dflt_clz.o(x$fpl$dfltu) for __aeabi_ui2d
    oled.o(i.OLED_DrawEllipse) refers to daddsub_clz.o(x$fpl$drsb) for __aeabi_drsub
    oled.o(i.OLED_DrawEllipse) refers to dflt_clz.o(x$fpl$dflt) for __aeabi_i2d
    oled.o(i.OLED_DrawEllipse) refers to dmul.o(x$fpl$dmul) for __aeabi_dmul
    oled.o(i.OLED_DrawEllipse) refers to daddsub_clz.o(x$fpl$dadd) for __aeabi_dadd
    oled.o(i.OLED_DrawEllipse) refers to dfix.o(x$fpl$dfix) for __aeabi_d2iz
    oled.o(i.OLED_DrawEllipse) refers to oled.o(i.OLED_SetPixel) for OLED_SetPixel
    oled.o(i.OLED_DrawEllipse) refers to daddsub_clz.o(x$fpl$dsub) for __aeabi_dsub
    oled.o(i.OLED_DrawFilledCircle) refers to oled.o(i.OLED_SetPixel) for OLED_SetPixel
    oled.o(i.OLED_DrawFilledRectangle) refers to oled.o(i.OLED_DrawLine) for OLED_DrawLine
    oled.o(i.OLED_DrawFilledTriangle) refers to oled.o(i.OLED_DrawLine) for OLED_DrawLine
    oled.o(i.OLED_DrawImage) refers to oled.o(i.OLED_SetBlock) for OLED_SetBlock
    oled.o(i.OLED_DrawLine) refers to oled.o(i.OLED_SetPixel) for OLED_SetPixel
    oled.o(i.OLED_DrawLine) refers to oled.o(.data) for .data
    oled.o(i.OLED_DrawRectangle) refers to oled.o(i.OLED_DrawLine) for OLED_DrawLine
    oled.o(i.OLED_DrawTriangle) refers to oled.o(i.OLED_DrawLine) for OLED_DrawLine
    oled.o(i.OLED_Init) refers to oled.o(i.OLED_SendCmd) for OLED_SendCmd
    oled.o(i.OLED_Init) refers to oled.o(i.OLED_NewFrame) for OLED_NewFrame
    oled.o(i.OLED_Init) refers to oled.o(i.OLED_ShowFrame) for OLED_ShowFrame
    oled.o(i.OLED_NewFrame) refers to rt_memclr.o(.text) for __aeabi_memclr
    oled.o(i.OLED_NewFrame) refers to oled.o(.bss) for .bss
    oled.o(i.OLED_PrintASCIIChar) refers to oled.o(i.OLED_SetBlock) for OLED_SetBlock
    oled.o(i.OLED_PrintASCIIString) refers to oled.o(i.OLED_PrintASCIIChar) for OLED_PrintASCIIChar
    oled.o(i.OLED_PrintString) refers to oled.o(i._OLED_GetUTF8Len) for _OLED_GetUTF8Len
    oled.o(i.OLED_PrintString) refers to memcmp.o(.text) for memcmp
    oled.o(i.OLED_PrintString) refers to oled.o(i.OLED_PrintASCIIChar) for OLED_PrintASCIIChar
    oled.o(i.OLED_PrintString) refers to oled.o(i.OLED_SetBlock) for OLED_SetBlock
    oled.o(i.OLED_Send) refers to stm32f1xx_hal_i2c.o(i.HAL_I2C_Master_Transmit) for HAL_I2C_Master_Transmit
[...]
    ../clib/bigflt.c                         0x00000000   Number         0  bigflt0.o ABSOLUTE
    ../clib/btod.s                           0x00000000   Number         0  btod.o ABSOLUTE
    ../clib/heapalloc.c                      0x00000000   Number         0  hrguard.o ABSOLUTE
    ../clib/heapaux.c                        0x00000000   Number         0  heapauxi.o ABSOLUTE
    ../clib/libinit.s                        0x00000000   Number         0  libshutdown2.o ABSOLUTE
    ../clib/libinit.s                        0x00000000   Number         0  libshutdown.o ABSOLUTE
    ../clib/libinit.s                        0x00000000   Number         0  libinit.o ABSOLUTE
    ../clib/libinit.s                        0x00000000   Number         0  libinit2.o ABSOLUTE
    ../clib/locale.s                         0x00000000   Number         0  lc_numeric_c.o ABSOLUTE
    ../clib/longlong.s                       0x00000000   Number         0  llushr.o ABSOLUTE
    ../clib/longlong.s                       0x00000000   Number         0  lludiv10.o ABSOLUTE
    ../clib/memcpset.s                       0x00000000   Number         0  rt_memcpy_w.o ABSOLUTE
    ../clib/memcpset.s                       0x00000000   Number         0  rt_memcpy_v6.o ABSOLUTE
    ../clib/memcpset.s                       0x00000000   Number         0  rt_memclr_w.o ABSOLUTE
    ../clib/memcpset.s                       0x00000000   Number         0  strcmpv7m.o ABSOLUTE
    ../clib/memcpset.s                       0x00000000   Number         0  rt_memclr.o ABSOLUTE
    ../clib/printf.c                         0x00000000   Number         0  _sputc.o ABSOLUTE
    ../clib/printf.c                         0x00000000   Number         0  _printf_fp_dec.o ABSOLUTE
    ../clib/printf.c                         0x00000000   Number         0  __printf_flags_ss_wp.o ABSOLUTE
    ../clib/printf.c                         0x00000000   Number         0  __printf_flags_ss.o ABSOLUTE
    ../clib/printf.c                         0x00000000   Number         0  __printf.o ABSOLUTE
    ../clib/printf.c                         0x00000000   Number         0  _printf_char.o ABSOLUTE
    ../clib/printf.c                         0x00000000   Number         0  _printf_char_common.o ABSOLUTE
    ../clib/printf.c                         0x00000000   Number         0  __printf_ss.o ABSOLUTE
    ../clib/printf.c                         0x00000000   Number         0  __printf_flags.o ABSOLUTE
    ../clib/printf.c                         0x00000000   Number         0  _printf_fp_infnan.o ABSOLUTE
    ../clib/printf.c                         0x00000000   Number         0  __printf_nopercent.o ABSOLUTE
    ../clib/printf.c                         0x00000000   Number         0  __printf_wp.o ABSOLUTE
    ../clib/printf.c                         0x00000000   Number         0  __printf_ss_wp.o ABSOLUTE
    ../clib/printf.c                         0x00000000   Number         0  __printf_flags_wp.o ABSOLUTE
    ../clib/printf.c                         0x00000000   Number         0  noretval__2sprintf.o ABSOLUTE
    ../clib/printf.c                         0x00000000   Number         0  _printf_str.o ABSOLUTE
    ../clib/printf.c                         0x00000000   Number         0  __2sprintf.o ABSOLUTE
    ../clib/printf_percent.s                 0x00000000   Number         0  _printf_s.o ABSOLUTE
    ../clib/printf_percent.s                 0x00000000   Number         0  _printf_percent.o ABSOLUTE
    ../clib/printf_percent.s                 0x00000000   Number         0  _printf_f.o ABSOLUTE
    ../clib/printf_percent.s                 0x00000000   Number         0  _printf_percent_end.o ABSOLUTE
    ../clib/signal.c                         0x00000000   Number         0  defsig_rtmem_outer.o ABSOLUTE
    ../clib/signal.c                         0x00000000   Number         0  defsig_rtmem_formal.o ABSOLUTE
    ../clib/signal.c                         0x00000000   Number         0  defsig_abrt_inner.o ABSOLUTE
    ../clib/signal.c                         0x00000000   Number         0  __raise.o ABSOLUTE
    ../clib/signal.c                         0x00000000   Number         0  defsig_exit.o ABSOLUTE
    ../clib/signal.c                         0x00000000   Number         0  defsig_general.o ABSOLUTE
    ../clib/signal.c                         0x00000000   Number         0  defsig_rtmem_inner.o ABSOLUTE
    ../clib/signal.c                         0x00000000   Number         0  defsig_fpe_inner.o ABSOLUTE
    ../clib/signal.c                         0x00000000   Number         0  defsig_stak_inner.o ABSOLUTE
    ../clib/signal.c                         0x00000000   Number         0  defsig_pvfn_inner.o ABSOLUTE
    ../clib/signal.c                         0x00000000   Number         0  defsig_cppl_inner.o ABSOLUTE
    ../clib/signal.c                         0x00000000   Number         0  defsig_segv_inner.o ABSOLUTE
    ../clib/signal.c                         0x00000000   Number         0  defsig_rtred_inner.o ABSOLUTE
    ../clib/signal.c                         0x00000000   Number         0  defsig_other.o ABSOLUTE
    ../clib/signal.s                         0x00000000   Number         0  defsig.o ABSOLUTE
    ../clib/stdlib.c                         0x00000000   Number         0  exit.o ABSOLUTE
    ../clib/string.c                         0x00000000   Number         0  memcmp.o ABSOLUTE
    ../fplib/daddsub.s                       0x00000000   Number         0  daddsub_clz.o ABSOLUTE
    ../fplib/dfix.s                          0x00000000   Number         0  dfix.o ABSOLUTE
    ../fplib/dflt.s                          0x00000000   Number         0  dflt_clz.o ABSOLUTE
    ../fplib/dmul.s                          0x00000000   Number         0  dmul.o ABSOLUTE
    ../fplib/dnaninf.s                       0x00000000   Number         0  dnaninf.o ABSOLUTE
    ../fplib/dretinf.s                       0x00000000   Number         0  dretinf.o ABSOLUTE
    ../fplib/f2d.s                           0x00000000   Number         0  f2d.o ABSOLUTE
    ../fplib/fflt.s                          0x00000000   Number         0  fflt_clz.o ABSOLUTE
    ../fplib/fnaninf.s                       0x00000000   Number         0  fnaninf.o ABSOLUTE
    ../fplib/fpinit.s                        0x00000000   Number         0  fpinit.o ABSOLUTE
    ../fplib/istatus.s                       0x00000000   Number         0  istatus.o ABSOLUTE
    ../fplib/printf1.s                       0x00000000   Number         0  printf1.o ABSOLUTE
    ../fplib/usenofp.s                       0x00000000   Number         0  usenofp.o ABSOLUTE
    ../mathlib/fpclassify.c                  0x00000000   Number         0  fpclassify.o ABSOLUTE
    ..\Core\Src\adc.c                        0x00000000   Number         0  adc.o ABSOLUTE
    ..\Core\Src\font.c                       0x00000000   Number         0  font.o ABSOLUTE
    ..\Core\Src\gpio.c                       0x00000000   Number         0  gpio.o ABSOLUTE
    ..\Core\Src\i2c.c                        0x00000000   Number         0  i2c.o ABSOLUTE
    ..\Core\Src\key.c                        0x00000000   Number         0  key.o ABSOLUTE
    ..\Core\Src\main.c                       0x00000000   Number         0  main.o ABSOLUTE
    ..\Core\Src\menu.c                       0x00000000   Number         0  menu.o ABSOLUTE
    ..\Core\Src\menuData.c                   0x00000000   Number         0  menudata.o ABSOLUTE
    ..\Core\Src\oled.c                       0x00000000   Number         0  oled.o ABSOLUTE
    ..\Core\Src\stm32f1xx_hal_msp.c          0x00000000   Number         0  stm32f1xx_hal_msp.o ABSOLUTE
    ..\Core\Src\stm32f1xx_it.c               0x00000000   Number         0  stm32f1xx_it.o ABSOLUTE
    ..\Core\Src\system_stm32f1xx.c           0x00000000   Number         0  system_stm32f1xx.o ABSOLUTE
    ..\Drivers\STM32F1xx_HAL_Driver\Src\stm32f1xx_hal.c 0x00000000   Number         0  stm32f1xx_hal.o ABSOLUTE
    ..\Drivers\STM32F1xx_HAL_Driver\Src\stm32f1xx_hal_adc.c 0x00000000   Number         0  stm32f1xx_hal_adc.o ABSOLUTE
    ..\Drivers\STM32F1xx_HAL_Driver\Src\stm32f1xx_hal_adc_ex.c 0x00000000   Number         0  stm32f1xx_hal_adc_ex.o ABSOLUTE
    ..\Drivers\STM32F1xx_HAL_Driver\Src\stm32f1xx_hal_cortex.c 0x00000000   Number         0  stm32f1xx_hal_cortex.o ABSOLUTE
    ..\Drivers\STM32F1xx_HAL_Driver\Src\stm32f1xx_hal_dma.c 0x00000000   Number         0  stm32f1xx_hal_dma.o ABSOLUTE
    ..\Drivers\STM32F1xx_HAL_Driver\Src\stm32f1xx_hal_exti.c 0x00000000   Number         0  stm32f1xx_hal_exti.o ABSOLUTE
    ..\Drivers\STM32F1xx_HAL_Driver\Src\stm32f1xx_hal_flash.c 0x00000000   Number         0  stm32f1xx_hal_flash.o ABSOLUTE
    ..\Drivers\STM32F1xx_HAL_Driver\Src\stm32f1xx_hal_flash_ex.c 0x00000000   Number         0  stm32f1xx_hal_flash_ex.o ABSOLUTE
    ..\Drivers\STM32F1xx_HAL_Driver\Src\stm32f1xx_hal_gpio.c 0x00000000   Number         0  stm32f1xx_hal_gpio.o ABSOLUTE
    ..\Drivers\STM32F1xx_HAL_Driver\Src\stm32f1xx_hal_gpio_ex.c 0x00000000   Number         0  stm32f1xx_hal_gpio_ex.o ABSOLUTE
    ..\Drivers\STM32F1xx_HAL_Driver\Src\stm32f1xx_hal_i2c.c 0x00000000   Number         0  stm32f1xx_hal_i2c.o ABSOLUTE
    ..\Drivers\STM32F1xx_HAL_Driver\Src\stm32f1xx_hal_pwr.c 0x00000000   Number         0  stm32f1xx_hal_pwr.o ABSOLUTE
    ..\Drivers\STM32F1xx_HAL_Driver\Src\stm32f1xx_hal_rcc.c 0x00000000   Number         0  stm32f1xx_hal_rcc.o ABSOLUTE
    ..\Drivers\STM32F1xx_HAL_Driver\Src\stm32f1xx_hal_rcc_ex.c 0x00000000   Number         0  stm32f1xx_hal_rcc_ex.o ABSOLUTE
    ..\\Core\\Src\\key.c                     0x00000000   Number         0  key.o ABSOLUTE
    ..\\Core\\Src\\menu.c                    0x00000000   Number         0  menu.o ABSOLUTE
    ..\\Core\\Src\\menuData.c                0x00000000   Number         0  menudata.o ABSOLUTE
    ..\\Core\\Src\\oled.c                    0x00000000   Number         0  oled.o ABSOLUTE
    dc.s                                     0x00000000   Number         0  dc.o ABSOLUTE
    startup_stm32f103xb.s                    0x00000000   Number         0  startup_stm32f103xb.o ABSOLUTE
    RESET                                    0x08000000   Section      236  startup_stm32f103xb.o(RESET)
    !!!main                                  0x080000ec   Section        8  __main.o(!!!main)
    !!!scatter                               0x080000f4   Section       52  __scatter.o(!!!scatter)
    !!handler_copy                           0x08000128   Section       26  __scatter_copy.o(!!handler_copy)
    !!handler_zi                             0x08000144   Section       28  __scatter_zi.o(!!handler_zi)
    .ARM.Collect$$_printf_percent$$00000000  0x08000160   Section        0  _printf_percent.o(.ARM.Collect$$_printf_percent$$00000000)
    .ARM.Collect$$_printf_percent$$00000003  0x08000160   Section        6  _printf_f.o(.ARM.Collect$$_printf_percent$$00000003)
    .ARM.Collect$$_printf_percent$$00000014  0x08000166   Section        6  _printf_s.o(.ARM.Collect$$_printf_percent$$00000014)
    .ARM.Collect$$_printf_percent$$00000017  0x0800016c   Section        4  _printf_percent_end.o(.ARM.Collect$$_printf_percent$$00000017)
    .ARM.Collect$$libinit$$00000000          0x08000170   Section        2  libinit.o(.ARM.Collect$$libinit$$00000000)
    .ARM.Collect$$libinit$$00000002          0x08000172   Section        0  libinit2.o(.ARM.Collect$$libinit$$00000002)
    .ARM.Collect$$libinit$$00000004          0x08000172   Section        0  libinit2.o(.ARM.Collect$$libinit$$00000004)
    .ARM.Collect$$libinit$$0000000A          0x08000172   Section        0  libinit2.o(.ARM.Collect$$libinit$$0000000A)
    .ARM.Collect$$libinit$$0000000C          0x08000172   Section        0  libinit2.o(.ARM.Collect$$libinit$$0000000C)
    .ARM.Collect$$libinit$$0000000E          0x08000172   Section        0  libinit2.o(.ARM.Collect$$libinit$$0000000E)
    .ARM.Collect$$libinit$$0000000F          0x08000172   Section        6  libinit2.o(.ARM.Collect$$libinit$$0000000F)
    .ARM.Collect$$libinit$$00000011          0x08000178   Section        0  libinit2.o(.ARM.Collect$$libinit$$00000011)
    .ARM.Collect$$libinit$$00000013          0x08000178   Section        0  libinit2.o(.ARM.Collect$$libinit$$00000013)
    .ARM.Collect$$libinit$$00000015          0x08000178   Section        0  libinit2.o(.ARM.Collect$$libinit$$00000015)
    .ARM.Collect$$libinit$$00000016          0x08000178   Section       10  libinit2.o(.ARM.Collect$$libinit$$00000016)
    .ARM.Collect$$libinit$$00000017          0x08000182   Section        0  libinit2.o(.ARM.Collect$$libinit$$00000017)
    .ARM.Collect$$libinit$$00000019          0x08000182   Section        0  libinit2.o(.ARM.Collect$$libinit$$00000019)
    .ARM.Collect$$libinit$$0000001B          0x08000182   Section        0  libinit2.o(.ARM.Collect$$libinit$$0000001B)
    .ARM.Collect$$libinit$$0000001D          0x08000182   Section        0  libinit2.o(.ARM.Collect$$libinit$$0000001D)
    .ARM.Collect$$libinit$$0000001F          0x08000182   Section        0  libinit2.o(.ARM.Collect$$libinit$$0000001F)
    .ARM.Collect$$libinit$$00000021          0x08000182   Section        0  libinit2.o(.ARM.Collect$$libinit$$00000021)
    .ARM.Collect$$libinit$$00000023          0x08000182   Section        0  libinit2.o(.ARM.Collect$$libinit$$00000023)
    .ARM.Collect$$libinit$$00000025          0x08000182   Section        0  libinit2.o(.ARM.Collect$$libinit$$00000025)
    .ARM.Collect$$libinit$$0000002C          0x08000182   Section        0  libinit2.o(.ARM.Collect$$libinit$$0000002C)
    .ARM.Collect$$libinit$$0000002E          0x08000182   Section        0  libinit2.o(.ARM.Collect$$libinit$$0000002E)
    .ARM.Collect$$libinit$$00000030          0x08000182   Section        0  libinit2.o(.ARM.Collect$$libinit$$00000030)
    .ARM.Collect$$libinit$$00000032          0x08000182   Section        0  libinit2.o(.ARM.Collect$$libinit$$00000032)
    .ARM.Collect$$libinit$$00000033          0x08000182   Section        2  libinit2.o(.ARM.Collect$$libinit$$00000033)
    .ARM.Collect$$libshutdown$$00000000      0x08000184   Section        2  libshutdown.o(.ARM.Collect$$libshutdown$$00000000)
    .ARM.Collect$$libshutdown$$00000002      0x08000186   Section        0  libshutdown2.o(.ARM.Collect$$libshutdown$$00000002)
    .ARM.Collect$$libshutdown$$00000004      0x08000186   Section        0  libshutdown2.o(.ARM.Collect$$libshutdown$$00000004)
    .ARM.Collect$$libshutdown$$00000007      0x08000186   Section        0  libshutdown2.o(.ARM.Collect$$libshutdown$$00000007)
    .ARM.Collect$$libshutdown$$0000000A      0x08000186   Section        0  libshutdown2.o(.ARM.Collect$$libshutdown$$0000000A)
    .ARM.Collect$$libshutdown$$0000000C      0x08000186   Section        0  libshutdown2.o(.ARM.Collect$$libshutdown$$0000000C)
    .ARM.Collect$$libshutdown$$0000000F      0x08000186   Section        0  libshutdown2.o(.ARM.Collect$$libshutdown$$0000000F)
    .ARM.Collect$$libshutdown$$00000010      0x08000186   Section        2  libshutdown2.o(.ARM.Collect$$libshutdown$$00000010)
    .ARM.Collect$$rtentry$$00000000          0x08000188   Section        0  __rtentry.o(.ARM.Collect$$rtentry$$00000000)
    .ARM.Collect$$rtentry$$00000002          0x08000188   Section        0  __rtentry2.o(.ARM.Collect$$rtentry$$00000002)
    .ARM.Collect$$rtentry$$00000004          0x08000188   Section        6  __rtentry4.o(.ARM.Collect$$rtentry$$00000004)
    .ARM.Collect$$rtentry$$00000009          0x0800018e   Section        0  __rtentry2.o(.ARM.Collect$$rtentry$$00000009)
    .ARM.Collect$$rtentry$$0000000A          0x0800018e   Section        4  __rtentry2.o(.ARM.Collect$$rtentry$$0000000A)
    .ARM.Collect$$rtentry$$0000000C          0x08000192   Section        0  __rtentry2.o(.ARM.Collect$$rtentry$$0000000C)
    .ARM.Collect$$rtentry$$0000000D          0x08000192   Section        8  __rtentry2.o(.ARM.Collect$$rtentry$$0000000D)
    .ARM.Collect$$rtexit$$00000000           0x0800019a   Section        2  rtexit.o(.ARM.Collect$$rtexit$$00000000)
    .ARM.Collect$$rtexit$$00000002           0x0800019c   Section        0  rtexit2.o(.ARM.Collect$$rtexit$$00000002)
    .ARM.Collect$$rtexit$$00000003           0x0800019c   Section        4  rtexit2.o(.ARM.Collect$$rtexit$$00000003)
    .ARM.Collect$$rtexit$$00000004           0x080001a0   Section        6  rtexit2.o(.ARM.Collect$$rtexit$$00000004)
    .text                                    0x080001a8   Section       64  startup_stm32f103xb.o(.text)
    .text                                    0x080001e8   Section        0  noretval__2sprintf.o(.text)
    .text                                    0x08000210   Section        0  __printf.o(.text)
    .text                                    0x08000278   Section        0  _printf_str.o(.text)
    .text                                    0x080002ca   Section        0  memcmp.o(.text)
    .text                                    0x08000322   Section      138  rt_memcpy_v6.o(.text)
    .text                                    0x080003ac   Section       68  rt_memclr.o(.text)
    .text                                    0x080003f0   Section       78  rt_memclr_w.o(.text)
    .text                                    0x0800043e   Section        0  heapauxi.o(.text)
    .text                                    0x08000444   Section        0  _printf_fp_dec.o(.text)
    _fp_digits                               0x08000447   Thumb Code   432  _printf_fp_dec.o(.text)
    .text                                    0x08000864   Section        0  _printf_char_common.o(.text)
    _printf_input_char                       0x08000865   Thumb Code    10  _printf_char_common.o(.text)
    .text                                    0x08000894   Section        0  _sputc.o(.text)
    .text                                    0x0800089e   Section        0  _printf_char.o(.text)
    .text                                    0x080008ca   Section      100  rt_memcpy_w.o(.text)
    .text                                    0x08000930   Section        8  rt_locale_intlibspace.o(.text)
    .text                                    0x08000938   Section      138  lludiv10.o(.text)
    .text                                    0x080009c4   Section        0  _printf_fp_infnan.o(.text)
    .text                                    0x08000a44   Section        0  bigflt0.o(.text)
    .text                                    0x08000b28   Section        8  libspace.o(.text)
    .text                                    0x08000b30   Section       74  sys_stackheap_outer.o(.text)
    .text                                    0x08000b7a   Section        0  exit.o(.text)
    .text                                    0x08000b8c   Section      128  strcmpv7m.o(.text)
    .text                                    0x08000c0c   Section        0  sys_exit.o(.text)
    .text                                    0x08000c18   Section        2  use_no_semi.o(.text)
    .text                                    0x08000c1a   Section        0  indicate_semi.o(.text)
    CL$$btod_d2e                             0x08000c1a   Section       62  btod.o(CL$$btod_d2e)
    CL$$btod_d2e_denorm_low                  0x08000c58   Section       70  btod.o(CL$$btod_d2e_denorm_low)
    CL$$btod_d2e_norm_op1                    0x08000c9e   Section       96  btod.o(CL$$btod_d2e_norm_op1)
    CL$$btod_div_common                      0x08000cfe   Section      824  btod.o(CL$$btod_div_common)
    CL$$btod_e2e                             0x08001036   Section      220  btod.o(CL$$btod_e2e)
    CL$$btod_ediv                            0x08001112   Section       42  btod.o(CL$$btod_ediv)
    CL$$btod_emul                            0x0800113c   Section       42  btod.o(CL$$btod_emul)
    CL$$btod_mult_common                     0x08001166   Section      580  btod.o(CL$$btod_mult_common)
    i.ADC_ConversionStop_Disable             0x080013ac   Section        0  stm32f1xx_hal_adc.o(i.ADC_ConversionStop_Disable)
    i.ADC_Enable                             0x08001404   Section        0  stm32f1xx_hal_adc.o(i.ADC_Enable)
    i.BusFault_Handler                       0x08001480   Section        0  stm32f1xx_it.o(i.BusFault_Handler)
    i.DebugMon_Handler                       0x08001482   Section        0  stm32f1xx_it.o(i.DebugMon_Handler)
    i.Error_Handler                          0x08001484   Section        0  main.o(i.Error_Handler)
    i.HAL_ADC_ConfigChannel                  0x08001488   Section        0  stm32f1xx_hal_adc.o(i.HAL_ADC_ConfigChannel)
    i.HAL_ADC_GetValue                       0x08001584   Section        0  stm32f1xx_hal_adc.o(i.HAL_ADC_GetValue)
    i.HAL_ADC_Init                           0x0800158c   Section        0  stm32f1xx_hal_adc.o(i.HAL_ADC_Init)
    i.HAL_ADC_MspInit                        0x080016a8   Section        0  adc.o(i.HAL_ADC_MspInit)
    i.HAL_ADC_PollForConversion              0x08001700   Section        0  stm32f1xx_hal_adc.o(i.HAL_ADC_PollForConversion)
    i.HAL_ADC_Start                          0x0800183c   Section        0  stm32f1xx_hal_adc.o(i.HAL_ADC_Start)
    i.HAL_Delay                              0x080018fc   Section        0  stm32f1xx_hal.o(i.HAL_Delay)
    i.HAL_GPIO_Init                          0x08001920   Section        0  stm32f1xx_hal_gpio.o(i.HAL_GPIO_Init)
    i.HAL_GPIO_ReadPin                       0x08001b00   Section        0  stm32f1xx_hal_gpio.o(i.HAL_GPIO_ReadPin)
    i.HAL_GPIO_WritePin                      0x08001b0a   Section        0  stm32f1xx_hal_gpio.o(i.HAL_GPIO_WritePin)
    i.HAL_GetTick                            0x08001b14   Section        0  stm32f1xx_hal.o(i.HAL_GetTick)
    i.HAL_I2C_Init                           0x08001b20   Section        0  stm32f1xx_hal_i2c.o(i.HAL_I2C_Init)
    i.HAL_I2C_Master_Transmit                0x08001ca8   Section        0  stm32f1xx_hal_i2c.o(i.HAL_I2C_Master_Transmit)
    i.HAL_I2C_MspInit                        0x08001dd4   Section        0  i2c.o(i.HAL_I2C_MspInit)
    i.HAL_IncTick                            0x08001e30   Section        0  stm32f1xx_hal.o(i.HAL_IncTick)
    i.HAL_Init                               0x08001e40   Section        0  stm32f1xx_hal.o(i.HAL_Init)
    i.HAL_InitTick                           0x08001e64   Section        0  stm32f1xx_hal.o(i.HAL_InitTick)
    i.HAL_MspInit                            0x08001ea4   Section        0  stm32f1xx_hal_msp.o(i.HAL_MspInit)
    i.HAL_NVIC_SetPriority                   0x08001ee0   Section        0  stm32f1xx_hal_cortex.o(i.HAL_NVIC_SetPriority)
    i.HAL_NVIC_SetPriorityGrouping           0x08001f20   Section        0  stm32f1xx_hal_cortex.o(i.HAL_NVIC_SetPriorityGrouping)
    i.HAL_NVIC_SystemReset                   0x08001f44   Section        0  stm32f1xx_hal_cortex.o(i.HAL_NVIC_SystemReset)
    i.HAL_RCCEx_GetPeriphCLKFreq             0x08001f68   Section        0  stm32f1xx_hal_rcc_ex.o(i.HAL_RCCEx_GetPeriphCLKFreq)
    i.HAL_RCCEx_PeriphCLKConfig              0x0800200c   Section        0  stm32f1xx_hal_rcc_ex.o(i.HAL_RCCEx_PeriphCLKConfig)
    i.HAL_RCC_ClockConfig                    0x080020f8   Section        0  stm32f1xx_hal_rcc.o(i.HAL_RCC_ClockConfig)
    i.HAL_RCC_GetPCLK1Freq                   0x08002224   Section        0  stm32f1xx_hal_rcc.o(i.HAL_RCC_GetPCLK1Freq)
    i.HAL_RCC_GetPCLK2Freq                   0x08002244   Section        0  stm32f1xx_hal_rcc.o(i.HAL_RCC_GetPCLK2Freq)
    i.HAL_RCC_GetSysClockFreq                0x08002264   Section        0  stm32f1xx_hal_rcc.o(i.HAL_RCC_GetSysClockFreq)
    i.HAL_RCC_OscConfig                      0x080022b0   Section        0  stm32f1xx_hal_rcc.o(i.HAL_RCC_OscConfig)
    i.HAL_SYSTICK_Config                     0x080025d0   Section        0  stm32f1xx_hal_cortex.o(i.HAL_SYSTICK_Config)
    i.HardFault_Handler                      0x080025f8   Section        0  stm32f1xx_it.o(i.HardFault_Handler)
    i.I2C_IsAcknowledgeFailed                0x080025fa   Section        0  stm32f1xx_hal_i2c.o(i.I2C_IsAcknowledgeFailed)
    I2C_IsAcknowledgeFailed                  0x080025fb   Thumb Code    46  stm32f1xx_hal_i2c.o(i.I2C_IsAcknowledgeFailed)
    i.I2C_MasterRequestWrite                 0x08002628   Section        0  stm32f1xx_hal_i2c.o(i.I2C_MasterRequestWrite)
    I2C_MasterRequestWrite                   0x08002629   Thumb Code   150  stm32f1xx_hal_i2c.o(i.I2C_MasterRequestWrite)
    i.I2C_WaitOnBTFFlagUntilTimeout          0x080026c4   Section        0  stm32f1xx_hal_i2c.o(i.I2C_WaitOnBTFFlagUntilTimeout)
    I2C_WaitOnBTFFlagUntilTimeout            0x080026c5   Thumb Code    86  stm32f1xx_hal_i2c.o(i.I2C_WaitOnBTFFlagUntilTimeout)
    i.I2C_WaitOnFlagUntilTimeout             0x0800271c   Section        0  stm32f1xx_hal_i2c.o(i.I2C_WaitOnFlagUntilTimeout)
    I2C_WaitOnFlagUntilTimeout               0x0800271d   Thumb Code   144  stm32f1xx_hal_i2c.o(i.I2C_WaitOnFlagUntilTimeout)
    i.I2C_WaitOnMasterAddressFlagUntilTimeout 0x080027ac   Section        0  stm32f1xx_hal_i2c.o(i.I2C_WaitOnMasterAddressFlagUntilTimeout)
    I2C_WaitOnMasterAddressFlagUntilTimeout  0x080027ad   Thumb Code   188  stm32f1xx_hal_i2c.o(i.I2C_WaitOnMasterAddressFlagUntilTimeout)
    i.I2C_WaitOnTXEFlagUntilTimeout          0x08002868   Section        0  stm32f1xx_hal_i2c.o(i.I2C_WaitOnTXEFlagUntilTimeout)
    I2C_WaitOnTXEFlagUntilTimeout            0x08002869   Thumb Code    86  stm32f1xx_hal_i2c.o(i.I2C_WaitOnTXEFlagUntilTimeout)
    i.MX_ADC1_Init                           0x080028c0   Section        0  adc.o(i.MX_ADC1_Init)
    i.MX_GPIO_Init                           0x08002910   Section        0  gpio.o(i.MX_GPIO_Init)
    i.MX_I2C1_Init                           0x080029c4   Section        0  i2c.o(i.MX_I2C1_Init)
    i.MemManage_Handler                      0x08002a04   Section        0  stm32f1xx_it.o(i.MemManage_Handler)
    i.Menu_HandleInput                       0x08002a08   Section        0  menu.o(i.Menu_HandleInput)
    i.Menu_Init                              0x08002a68   Section        0  menu.o(i.Menu_Init)
    i.Menu_Render                            0x08002a78   Section        0  menu.o(i.Menu_Render)
    i.NMI_Handler                            0x08002afc   Section        0  stm32f1xx_it.o(i.NMI_Handler)
    i.OLED_Init                              0x08002afe   Section        0  oled.o(i.OLED_Init)
    i.OLED_NewFrame                          0x08002ba8   Section        0  oled.o(i.OLED_NewFrame)
    i.OLED_PrintASCIIChar                    0x08002bb8   Section        0  oled.o(i.OLED_PrintASCIIChar)
    i.OLED_PrintString                       0x08002bd8   Section        0  oled.o(i.OLED_PrintString)
    i.OLED_Send                              0x08002c90   Section        0  oled.o(i.OLED_Send)
    i.OLED_SendCmd                           0x08002cac   Section        0  oled.o(i.OLED_SendCmd)
    i.OLED_SetBits                           0x08002cbc   Section        0  oled.o(i.OLED_SetBits)
    i.OLED_SetBits_Fine                      0x08002d04   Section        0  oled.o(i.OLED_SetBits_Fine)
    i.OLED_SetBlock                          0x08002d6c   Section        0  oled.o(i.OLED_SetBlock)
    i.OLED_SetByte_Fine                      0x08002df4   Section        0  oled.o(i.OLED_SetByte_Fine)
    i.OLED_ShowFrame                         0x08002e3c   Section        0  oled.o(i.OLED_ShowFrame)
    i.PendSV_Handler                         0x08002e84   Section        0  stm32f1xx_it.o(i.PendSV_Handler)
    i.SVC_Handler                            0x08002e86   Section        0  stm32f1xx_it.o(i.SVC_Handler)
    i.SysTick_Handler                        0x08002e88   Section        0  stm32f1xx_it.o(i.SysTick_Handler)
    i.SystemClock_Config                     0x08002e8c   Section        0  main.o(i.SystemClock_Config)
    i.SystemInit                             0x08002f04   Section        0  system_stm32f1xx.o(i.SystemInit)
    i.UsageFault_Handler                     0x08002f06   Section        0  stm32f1xx_it.o(i.UsageFault_Handler)
    i._OLED_GetUTF8Len                       0x08002f08   Section        0  oled.o(i._OLED_GetUTF8Len)
    i.__ARM_fpclassify                       0x08002f3a   Section        0  fpclassify.o(i.__ARM_fpclassify)
    i.__NVIC_SetPriority                     0x08002f62   Section        0  stm32f1xx_hal_cortex.o(i.__NVIC_SetPriority)
    __NVIC_SetPriority                       0x08002f63   Thumb Code    32  stm32f1xx_hal_cortex.o(i.__NVIC_SetPriority)
    i.cmd_ADC                                0x08002f84   Section        0  menudata.o(i.cmd_ADC)
    i.cmd_about                              0x08003018   Section        0  menudata.o(i.cmd_about)
    i.cmd_reboot                             0x0800308c   Section        0  menudata.o(i.cmd_reboot)
    i.cmd_set_time                           0x080030cc   Section        0  menudata.o(i.cmd_set_time)
    i.getkey                                 0x08003128   Section        0  key.o(i.getkey)
    i.main                                   0x08003170   Section        0  main.o(i.main)
    locale$$code                             0x080031a8   Section       44  lc_numeric_c.o(locale$$code)
    x$fpl$dretinf                            0x080031d4   Section       12  dretinf.o(x$fpl$dretinf)
    x$fpl$f2d                                0x080031e0   Section       86  f2d.o(x$fpl$f2d)
    x$fpl$ffltu                              0x08003238   Section       38  fflt_clz.o(x$fpl$ffltu)
    x$fpl$fnaninf                            0x0800325e   Section      140  fnaninf.o(x$fpl$fnaninf)
    x$fpl$printf1                            0x080032ea   Section        4  printf1.o(x$fpl$printf1)
    .constdata                               0x080032ee   Section     1520  font.o(.constdata)
    x$fpl$usenofp                            0x080032ee   Section        0  usenofp.o(x$fpl$usenofp)
    .constdata                               0x080038e0   Section        8  font.o(.constdata)
    .constdata                               0x080038e8   Section      144  font.o(.constdata)
    .constdata                               0x08003978   Section       16  font.o(.constdata)
    .constdata                               0x08003988   Section       48  menudata.o(.constdata)
    <Data1>                                  0x08003988   Data          48  menudata.o(.constdata)
    .constdata                               0x080039b8   Section       24  menudata.o(.constdata)
    <Data2>                                  0x080039b8   Data          24  menudata.o(.constdata)
    .constdata                               0x080039d0   Section       18  stm32f1xx_hal_rcc.o(.constdata)
    aPredivFactorTable                       0x080039d0   Data           2  stm32f1xx_hal_rcc.o(.constdata)
    aPLLMULFactorTable                       0x080039d2   Data          16  stm32f1xx_hal_rcc.o(.constdata)
    .constdata                               0x080039e2   Section       18  stm32f1xx_hal_rcc_ex.o(.constdata)
    aPredivFactorTable                       0x080039e2   Data           2  stm32f1xx_hal_rcc_ex.o(.constdata)
    aPLLMULFactorTable                       0x080039e4   Data          16  stm32f1xx_hal_rcc_ex.o(.constdata)
    .constdata                               0x080039f4   Section       16  system_stm32f1xx.o(.constdata)
    .constdata                               0x08003a04   Section        8  system_stm32f1xx.o(.constdata)
    .constdata                               0x08003a0c   Section      148  bigflt0.o(.constdata)
    tenpwrs_x                                0x08003a0c   Data          60  bigflt0.o(.constdata)
    tenpwrs_i                                0x08003a48   Data          64  bigflt0.o(.constdata)
    .conststring                             0x08003aa0   Section       31  menudata.o(.conststring)
    .conststring                             0x08003ac0   Section       18  menudata.o(.conststring)
    .conststring                             0x08003ad4   Section        5  menudata.o(.conststring)
    locale$$data                             0x08003afc   Section       28  lc_numeric_c.o(locale$$data)
    __lcnum_c_name                           0x08003b00   Data           2  lc_numeric_c.o(locale$$data)
    __lcnum_c_start                          0x08003b08   Data           0  lc_numeric_c.o(locale$$data)
    __lcnum_c_point                          0x08003b14   Data           0  lc_numeric_c.o(locale$$data)
    __lcnum_c_thousands                      0x08003b16   Data           0  lc_numeric_c.o(locale$$data)
    __lcnum_c_grouping                       0x08003b17   Data           0  lc_numeric_c.o(locale$$data)
    __lcnum_c_end                            0x08003b18   Data           0  lc_numeric_c.o(locale$$data)
    .data                                    0x20000000   Section        4  oled.o(.data)
    temp                                     0x20000000   Data           1  oled.o(.data)
    temp                                     0x20000001   Data           1  oled.o(.data)
    sendBuffer                               0x20000002   Data           2  oled.o(.data)
    .data                                    0x20000004   Section        8  menu.o(.data)
    selected_index                           0x20000004   Data           1  menu.o(.data)
    current_menu                             0x20000008   Data           4  menu.o(.data)
    .data                                    0x2000000c   Section       16  menudata.o(.data)
    .data                                    0x2000001c   Section       16  menudata.o(.data)
    .data                                    0x2000002c   Section       12  stm32f1xx_hal.o(.data)
    .data                                    0x20000038   Section        4  system_stm32f1xx.o(.data)
    .bss                                     0x2000003c   Section     1153  oled.o(.bss)
    sendBuffer                               0x2000003c   Data         129  oled.o(.bss)
    .bss                                     0x200004c0   Section       48  adc.o(.bss)
    .bss                                     0x200004f0   Section       84  i2c.o(.bss)
    .bss                                     0x20000544   Section       96  libspace.o(.bss)
    HEAP                                     0x200005a8   Section      512  startup_stm32f103xb.o(HEAP)
    Heap_Mem                                 0x200005a8   Data         512  startup_stm32f103xb.o(HEAP)
    STACK                                    0x200007a8   Section     1024  startup_stm32f103xb.o(STACK)
    Stack_Mem                                0x200007a8   Data        1024  startup_stm32f103xb.o(STACK)
    __initial_sp                             0x20000ba8   Data           0  startup_stm32f103xb.o(STACK)

    Global Symbols

    Symbol Name                              Value     Ov Type        Size  Object(Section)

    BuildAttributes$$THM_ISAv4$P$D$K$B$S$PE$A:L22UL41UL21$X:L11$S22US41US21$IEEE1$IW$USESV6$~STKCKD$USESV7$~SHL$OTIME$ROPI$IEEEJ$EBA8$UX$STANDARDLIB$REQ8$PRES8$EABIv2 0x00000000   Number         0  anon$$obj.o ABSOLUTE
    __ARM_use_no_argv                        0x00000000   Number         0  main.o ABSOLUTE
    __ARM_exceptions_init                     - Undefined Weak Reference
    __alloca_initialize                       - Undefined Weak Reference
    __arm_preinit_                            - Undefined Weak Reference
    __cpp_initialize__aeabi_                  - Undefined Weak Reference
    __cxa_finalize                            - Undefined Weak Reference
    __sigvec_lookup                           - Undefined Weak Reference
    _atexit_init                              - Undefined Weak Reference
    _call_atexit_fns                          - Undefined Weak Reference
    _clock_init                               - Undefined Weak Reference
    _fp_trap_init                             - Undefined Weak Reference
    _fp_trap_shutdown                         - Undefined Weak Reference
    _get_lc_collate                           - Undefined Weak Reference
    _get_lc_ctype                             - Undefined Weak Reference
    _get_lc_monetary                          - Undefined Weak Reference
    _get_lc_time                              - Undefined Weak Reference
    _getenv_init                              - Undefined Weak Reference
    _handle_redirection                       - Undefined Weak Reference
    _init_alloc                               - Undefined Weak Reference
    _init_user_alloc                          - Undefined Weak Reference
    _initio                                   - Undefined Weak Reference
    _printf_mbtowc                            - Undefined Weak Reference
    _printf_post_padding                      - Undefined Weak Reference
    _printf_pre_padding                       - Undefined Weak Reference
    _rand_init                                - Undefined Weak Reference
    _signal_finish                            - Undefined Weak Reference
    _signal_init                              - Undefined Weak Reference
    _terminate_alloc                          - Undefined Weak Reference
    _terminate_user_alloc                     - Undefined Weak Reference
    _terminateio                              - Undefined Weak Reference
    __Vectors_Size                           0x000000ec   Number         0  startup_stm32f103xb.o ABSOLUTE
    __Vectors                                0x08000000   Data           4  startup_stm32f103xb.o(RESET)
    __Vectors_End                            0x080000ec   Data           0  startup_stm32f103xb.o(RESET)
    __main                                   0x080000ed   Thumb Code     8  __main.o(!!!main)
    __scatterload                            0x080000f5   Thumb Code     0  __scatter.o(!!!scatter)
    __scatterload_rt2                        0x080000f5   Thumb Code    44  __scatter.o(!!!scatter)
    __scatterload_rt2_thumb_only             0x080000f5   Thumb Code     0  __scatter.o(!!!scatter)
    __scatterload_null                       0x08000103   Thumb Code     0  __scatter.o(!!!scatter)
    __scatterload_copy                       0x08000129   Thumb Code    26  __scatter_copy.o(!!handler_copy)
    __scatterload_zeroinit                   0x08000145   Thumb Code    28  __scatter_zi.o(!!handler_zi)
    _printf_f                                0x08000161   Thumb Code     0  _printf_f.o(.ARM.Collect$$_printf_percent$$00000003)
    _printf_percent                          0x08000161   Thumb Code     0  _printf_percent.o(.ARM.Collect$$_printf_percent$$00000000)
    _printf_s                                0x08000167   Thumb Code     0  _printf_s.o(.ARM.Collect$$_printf_percent$$00000014)
    _printf_percent_end                      0x0800016d   Thumb Code     0  _printf_percent_end.o(.ARM.Collect$$_printf_percent$$00000017)
    __rt_lib_init                            0x08000171   Thumb Code     0  libinit.o(.ARM.Collect$$libinit$$00000000)
    __rt_lib_init_fp_1                       0x08000173   Thumb Code     0  libinit2.o(.ARM.Collect$$libinit$$00000002)
    __rt_lib_init_heap_1                     0x08000173   Thumb Code     0  libinit2.o(.ARM.Collect$$libinit$$0000000A)
    __rt_lib_init_lc_common                  0x08000173   Thumb Code     0  libinit2.o(.ARM.Collect$$libinit$$0000000F)
    __rt_lib_init_preinit_1                  0x08000173   Thumb Code     0  libinit2.o(.ARM.Collect$$libinit$$00000004)
    __rt_lib_init_rand_1                     0x08000173   Thumb Code     0  libinit2.o(.ARM.Collect$$libinit$$0000000E)
    __rt_lib_init_user_alloc_1               0x08000173   Thumb Code     0  libinit2.o(.ARM.Collect$$libinit$$0000000C)
    __rt_lib_init_lc_collate_1               0x08000179   Thumb Code     0  libinit2.o(.ARM.Collect$$libinit$$00000011)
    __rt_lib_init_lc_ctype_1                 0x08000179   Thumb Code     0  libinit2.o(.ARM.Collect$$libinit$$00000013)
    __rt_lib_init_lc_monetary_1              0x08000179   Thumb Code     0  libinit2.o(.ARM.Collect$$libinit$$00000015)
    __rt_lib_init_lc_numeric_2               0x08000179   Thumb Code     0  libinit2.o(.ARM.Collect$$libinit$$00000016)
    __rt_lib_init_alloca_1                   0x08000183   Thumb Code     0  libinit2.o(.ARM.Collect$$libinit$$0000002E)
    __rt_lib_init_argv_1                     0x08000183   Thumb Code     0  libinit2.o(.ARM.Collect$$libinit$$0000002C)
    __rt_lib_init_atexit_1                   0x08000183   Thumb Code     0  libinit2.o(.ARM.Collect$$libinit$$0000001B)
    __rt_lib_init_clock_1                    0x08000183   Thumb Code     0  libinit2.o(.ARM.Collect$$libinit$$00000021)
    __rt_lib_init_cpp_1                      0x08000183   Thumb Code     0  libinit2.o(.ARM.Collect$$libinit$$00000032)
    __rt_lib_init_exceptions_1               0x08000183   Thumb Code     0  libinit2.o(.ARM.Collect$$libinit$$00000030)
    __rt_lib_init_fp_trap_1                  0x08000183   Thumb Code     0  libinit2.o(.ARM.Collect$$libinit$$0000001F)
    __rt_lib_init_getenv_1                   0x08000183   Thumb Code     0  libinit2.o(.ARM.Collect$$libinit$$00000023)
    __rt_lib_init_lc_numeric_1               0x08000183   Thumb Code     0  libinit2.o(.ARM.Collect$$libinit$$00000017)
    __rt_lib_init_lc_time_1                  0x08000183   Thumb Code     0  libinit2.o(.ARM.Collect$$libinit$$00000019)
    __rt_lib_init_return                     0x08000183   Thumb Code     0  libinit2.o(.ARM.Collect$$libinit$$00000033)
    __rt_lib_init_signal_1                   0x08000183   Thumb Code     0  libinit2.o(.ARM.Collect$$libinit$$0000001D)
    __rt_lib_init_stdio_1                    0x08000183   Thumb Code     0  libinit2.o(.ARM.Collect$$libinit$$00000025)
    __rt_lib_shutdown                        0x08000185   Thumb Code     0  libshutdown.o(.ARM.Collect$$libshutdown$$00000000)
    __rt_lib_shutdown_cpp_1                  0x08000187   Thumb Code     0  libshutdown2.o(.ARM.Collect$$libshutdown$$00000002)
    __rt_lib_shutdown_fp_trap_1              0x08000187   Thumb Code     0  libshutdown2.o(.ARM.Collect$$libshutdown$$00000007)
    __rt_lib_shutdown_heap_1                 0x08000187   Thumb Code     0  libshutdown2.o(.ARM.Collect$$libshutdown$$0000000F)
    __rt_lib_shutdown_return                 0x08000187   Thumb Code     0  libshutdown2.o(.ARM.Collect$$libshutdown$$00000010)
    __rt_lib_shutdown_signal_1               0x08000187   Thumb Code     0  libshutdown2.o(.ARM.Collect$$libshutdown$$0000000A)
    __rt_lib_shutdown_stdio_1                0x08000187   Thumb Code     0  libshutdown2.o(.ARM.Collect$$libshutdown$$00000004)
    __rt_lib_shutdown_user_alloc_1           0x08000187   Thumb Code     0  libshutdown2.o(.ARM.Collect$$libshutdown$$0000000C)
    __rt_entry                               0x08000189   Thumb Code     0  __rtentry.o(.ARM.Collect$$rtentry$$00000000)
    __rt_entry_presh_1                       0x08000189   Thumb Code     0  __rtentry2.o(.ARM.Collect$$rtentry$$00000002)
    __rt_entry_sh                            0x08000189   Thumb Code     0  __rtentry4.o(.ARM.Collect$$rtentry$$00000004)
    __rt_entry_li                            0x0800018f   Thumb Code     0  __rtentry2.o(.ARM.Collect$$rtentry$$0000000A)
    __rt_entry_postsh_1                      0x0800018f   Thumb Code     0  __rtentry2.o(.ARM.Collect$$rtentry$$00000009)
    __rt_entry_main                          0x08000193   Thumb Code     0  __rtentry2.o(.ARM.Collect$$rtentry$$0000000D)
    __rt_entry_postli_1                      0x08000193   Thumb Code     0  __rtentry2.o(.ARM.Collect$$rtentry$$0000000C)
    __rt_exit                                0x0800019b   Thumb Code     0  rtexit.o(.ARM.Collect$$rtexit$$00000000)
    __rt_exit_ls                             0x0800019d   Thumb Code     0  rtexit2.o(.ARM.Collect$$rtexit$$00000003)
    __rt_exit_prels_1                        0x0800019d   Thumb Code     0  rtexit2.o(.ARM.Collect$$rtexit$$00000002)
    __rt_exit_exit                           0x080001a1   Thumb Code     0  rtexit2.o(.ARM.Collect$$rtexit$$00000004)
    Reset_Handler                            0x080001a9   Thumb Code     8  startup_stm32f103xb.o(.text)
    ADC1_2_IRQHandler                        0x080001c3   Thumb Code     0  startup_stm32f103xb.o(.text)
    CAN1_RX1_IRQHandler                      0x080001c3   Thumb Code     0  startup_stm32f103xb.o(.text)
    CAN1_SCE_IRQHandler                      0x080001c3   Thumb Code     0  startup_stm32f103xb.o(.text)
    DMA1_Channel1_IRQHandler                 0x080001c3   Thumb Code     0  startup_stm32f103xb.o(.text)
    DMA1_Channel2_IRQHandler                 0x080001c3   Thumb Code     0  startup_stm32f103xb.o(.text)
    DMA1_Channel3_IRQHandler                 0x080001c3   Thumb Code     0  startup_stm32f103xb.o(.text)
    DMA1_Channel4_IRQHandler                 0x080001c3   Thumb Code     0  startup_stm32f103xb.o(.text)
    DMA1_Channel5_IRQHandler                 0x080001c3   Thumb Code     0  startup_stm32f103xb.o(.text)
    DMA1_Channel6_IRQHandler                 0x080001c3   Thumb Code     0  startup_stm32f103xb.o(.text)
    DMA1_Channel7_IRQHandler                 0x080001c3   Thumb Code     0  startup_stm32f103xb.o(.text)
    EXTI0_IRQHandler                         0x080001c3   Thumb Code     0  startup_stm32f103xb.o(.text)
    EXTI15_10_IRQHandler                     0x080001c3   Thumb Code     0  startup_stm32f103xb.o(.text)
    EXTI1_IRQHandler                         0x080001c3   Thumb Code     0  startup_stm32f103xb.o(.text)
    EXTI2_IRQHandler                         0x080001c3   Thumb Code     0  startup_stm32f103xb.o(.text)
    EXTI3_IRQHandler                         0x080001c3   Thumb Code     0  startup_stm32f103xb.o(.text)
    EXTI4_IRQHandler                         0x080001c3   Thumb Code     0  startup_stm32f103xb.o(.text)
    EXTI9_5_IRQHandler                       0x080001c3   Thumb Code     0  startup_stm32f103xb.o(.text)
    FLASH_IRQHandler                         0x080001c3   Thumb Code     0  startup_stm32f103xb.o(.text)
    I2C1_ER_IRQHandler                       0x080001c3   Thumb Code     0  startup_stm32f103xb.o(.text)
    I2C1_EV_IRQHandler                       0x080001c3   Thumb Code     0  startup_stm32f103xb.o(.text)
    I2C2_ER_IRQHandler                       0x080001c3   Thumb Code     0  startup_stm32f103xb.o(.text)
    I2C2_EV_IRQHandler                       0x080001c3   Thumb Code     0  startup_stm32f103xb.o(.text)
    PVD_IRQHandler                           0x080001c3   Thumb Code     0  startup_stm32f103xb.o(.text)
    RCC_IRQHandler                           0x080001c3   Thumb Code     0  startup_stm32f103xb.o(.text)
    RTC_Alarm_IRQHandler                     0x080001c3   Thumb Code     0  startup_stm32f103xb.o(.text)
    RTC_IRQHandler                           0x080001c3   Thumb Code     0  startup_stm32f103xb.o(.text)
    SPI1_IRQHandler                          0x080001c3   Thumb Code     0  startup_stm32f103xb.o(.text)
    SPI2_IRQHandler                          0x080001c3   Thumb Code     0  startup_stm32f103xb.o(.text)
    TAMPER_IRQHandler                        0x080001c3   Thumb Code     0  startup_stm32f103xb.o(.text)
    TIM1_BRK_IRQHandler                      0x080001c3   Thumb Code     0  startup_stm32f103xb.o(.text)
    TIM1_CC_IRQHandler                       0x080001c3   Thumb Code     0  startup_stm32f103xb.o(.text)
    TIM1_TRG_COM_IRQHandler                  0x080001c3   Thumb Code     0  startup_stm32f103xb.o(.text)
    TIM1_UP_IRQHandler                       0x080001c3   Thumb Code     0  startup_stm32f103xb.o(.text)
    TIM2_IRQHandler                          0x080001c3   Thumb Code     0  startup_stm32f103xb.o(.text)
    TIM3_IRQHandler                          0x080001c3   Thumb Code     0  startup_stm32f103xb.o(.text)
    TIM4_IRQHandler                          0x080001c3   Thumb Code     0  startup_stm32f103xb.o(.text)
    USART1_IRQHandler                        0x080001c3   Thumb Code     0  startup_stm32f103xb.o(.text)
    USART2_IRQHandler                        0x080001c3   Thumb Code     0  startup_stm32f103xb.o(.text)
    USART3_IRQHandler                        0x080001c3   Thumb Code     0  startup_stm32f103xb.o(.text)
    USBWakeUp_IRQHandler                     0x080001c3   Thumb Code     0  startup_stm32f103xb.o(.text)
    USB_HP_CAN1_TX_IRQHandler                0x080001c3   Thumb Code     0  startup_stm32f103xb.o(.text)
    USB_LP_CAN1_RX0_IRQHandler               0x080001c3   Thumb Code     0  startup_stm32f103xb.o(.text)
    WWDG_IRQHandler                          0x080001c3   Thumb Code     0  startup_stm32f103xb.o(.text)
    __user_initial_stackheap                 0x080001c5   Thumb Code     0  startup_stm32f103xb.o(.text)
    __2sprintf                               0x080001e9   Thumb Code    34  noretval__2sprintf.o(.text)
    __printf                                 0x08000211   Thumb Code   104  __printf.o(.text)
    _printf_str                              0x08000279   Thumb Code    82  _printf_str.o(.text)
    memcmp                                   0x080002cb   Thumb Code    88  memcmp.o(.text)
    __aeabi_memcpy                           0x08000323   Thumb Code     0  rt_memcpy_v6.o(.text)
    __rt_memcpy                              0x08000323   Thumb Code   138  rt_memcpy_v6.o(.text)
    _memcpy_lastbytes                        0x08000389   Thumb Code     0  rt_memcpy_v6.o(.text)
    __aeabi_memclr                           0x080003ad   Thumb Code     0  rt_memclr.o(.text)
    __rt_memclr                              0x080003ad   Thumb Code    68  rt_memclr.o(.text)
    _memset                                  0x080003b1   Thumb Code     0  rt_memclr.o(.text)
    __aeabi_memclr4                          0x080003f1   Thumb Code     0  rt_memclr_w.o(.text)
    __aeabi_memclr8                          0x080003f1   Thumb Code     0  rt_memclr_w.o(.text)
    __rt_memclr_w                            0x080003f1   Thumb Code    78  rt_memclr_w.o(.text)
    _memset_w                                0x080003f5   Thumb Code     0  rt_memclr_w.o(.text)
    __use_two_region_memory                  0x0800043f   Thumb Code     2  heapauxi.o(.text)
    __rt_heap_escrow$2region                 0x08000441   Thumb Code     2  heapauxi.o(.text)
    __rt_heap_expand$2region                 0x08000443   Thumb Code     2  heapauxi.o(.text)
    __lib_sel_fp_printf                      0x08000445   Thumb Code     2  _printf_fp_dec.o(.text)
    _printf_fp_dec_real                      0x080005f7   Thumb Code   620  _printf_fp_dec.o(.text)
    _printf_char_common                      0x0800086f   Thumb Code    32  _printf_char_common.o(.text)
    _sputc                                   0x08000895   Thumb Code    10  _sputc.o(.text)
    _printf_cs_common                        0x0800089f   Thumb Code    20  _printf_char.o(.text)
    _printf_char                             0x080008b3   Thumb Code    16  _printf_char.o(.text)
    _printf_string                           0x080008c3   Thumb Code     8  _printf_char.o(.text)
    __aeabi_memcpy4                          0x080008cb   Thumb Code     0  rt_memcpy_w.o(.text)
    __aeabi_memcpy8                          0x080008cb   Thumb Code     0  rt_memcpy_w.o(.text)
    __rt_memcpy_w                            0x080008cb   Thumb Code   100  rt_memcpy_w.o(.text)
    _memcpy_lastbytes_aligned                0x08000913   Thumb Code     0  rt_memcpy_w.o(.text)
    __rt_locale                              0x08000931   Thumb Code     8  rt_locale_intlibspace.o(.text)
    _ll_udiv10                               0x08000939   Thumb Code   138  lludiv10.o(.text)
    _printf_fp_infnan                        0x080009c5   Thumb Code   112  _printf_fp_infnan.o(.text)
    _btod_etento                             0x08000a45   Thumb Code   224  bigflt0.o(.text)
    __user_libspace                          0x08000b29   Thumb Code     8  libspace.o(.text)
    __user_perproc_libspace                  0x08000b29   Thumb Code     0  libspace.o(.text)
    __user_perthread_libspace                0x08000b29   Thumb Code     0  libspace.o(.text)
    __user_setup_stackheap                   0x08000b31   Thumb Code    74  sys_stackheap_outer.o(.text)
    exit                                     0x08000b7b   Thumb Code    18  exit.o(.text)
    strcmp                                   0x08000b8d   Thumb Code   128  strcmpv7m.o(.text)
    _sys_exit                                0x08000c0d   Thumb Code     8  sys_exit.o(.text)
    __I$use$semihosting                      0x08000c19   Thumb Code     0  use_no_semi.o(.text)
    __use_no_semihosting_swi                 0x08000c19   Thumb Code     2  use_no_semi.o(.text)
    __semihosting_library_function           0x08000c1b   Thumb Code     0  indicate_semi.o(.text)
    _btod_d2e                                0x08000c1b   Thumb Code    62  btod.o(CL$$btod_d2e)
    _d2e_denorm_low                          0x08000c59   Thumb Code    70  btod.o(CL$$btod_d2e_denorm_low)
    _d2e_norm_op1                            0x08000c9f   Thumb Code    96  btod.o(CL$$btod_d2e_norm_op1)
    __btod_div_common                        0x08000cff   Thumb Code   696  btod.o(CL$$btod_div_common)
    _e2e                                     0x08001037   Thumb Code   220  btod.o(CL$$btod_e2e)
    _btod_ediv                               0x08001113   Thumb Code    42  btod.o(CL$$btod_ediv)
    _btod_emul                               0x0800113d   Thumb Code    42  btod.o(CL$$btod_emul)
    __btod_mult_common                       0x08001167   Thumb Code   580  btod.o(CL$$btod_mult_common)
    ADC_ConversionStop_Disable               0x080013ad   Thumb Code    86  stm32f1xx_hal_adc.o(i.ADC_ConversionStop_Disable)
    ADC_Enable                               0x08001405   Thumb Code   114  stm32f1xx_hal_adc.o(i.ADC_Enable)
    BusFault_Handler                         0x08001481   Thumb Code     2  stm32f1xx_it.o(i.BusFault_Handler)
    DebugMon_Handler                         0x08001483   Thumb Code     2  stm32f1xx_it.o(i.DebugMon_Handler)
    Error_Handler                            0x08001485   Thumb Code     4  main.o(i.Error_Handler)
    HAL_ADC_ConfigChannel                    0x08001489   Thumb Code   240  stm32f1xx_hal_adc.o(i.HAL_ADC_ConfigChannel)
    HAL_ADC_GetValue                         0x08001585   Thumb Code     6  stm32f1xx_hal_adc.o(i.HAL_ADC_GetValue)
    HAL_ADC_Init                             0x0800158d   Thumb Code   272  stm32f1xx_hal_adc.o(i.HAL_ADC_Init)
    HAL_ADC_MspInit                          0x080016a9   Thumb Code    76  adc.o(i.HAL_ADC_MspInit)
    HAL_ADC_PollForConversion                0x08001701   Thumb Code   304  stm32f1xx_hal_adc.o(i.HAL_ADC_PollForConversion)
    HAL_ADC_Start                            0x0800183d   Thumb Code   184  stm32f1xx_hal_adc.o(i.HAL_ADC_Start)
    HAL_Delay                                0x080018fd   Thumb Code    32  stm32f1xx_hal.o(i.HAL_Delay)
    HAL_GPIO_Init                            0x08001921   Thumb Code   446  stm32f1xx_hal_gpio.o(i.HAL_GPIO_Init)
    HAL_GPIO_ReadPin                         0x08001b01   Thumb Code    10  stm32f1xx_hal_gpio.o(i.HAL_GPIO_ReadPin)
    HAL_GPIO_WritePin                        0x08001b0b   Thumb Code    10  stm32f1xx_hal_gpio.o(i.HAL_GPIO_WritePin)
    HAL_GetTick                              0x08001b15   Thumb Code     6  stm32f1xx_hal.o(i.HAL_GetTick)
    HAL_I2C_Init                             0x08001b21   Thumb Code   376  stm32f1xx_hal_i2c.o(i.HAL_I2C_Init)
    HAL_I2C_Master_Transmit                  0x08001ca9   Thumb Code   290  stm32f1xx_hal_i2c.o(i.HAL_I2C_Master_Transmit)
    HAL_I2C_MspInit                          0x08001dd5   Thumb Code    80  i2c.o(i.HAL_I2C_MspInit)
    HAL_IncTick                              0x08001e31   Thumb Code    12  stm32f1xx_hal.o(i.HAL_IncTick)
    HAL_Init                                 0x08001e41   Thumb Code    32  stm32f1xx_hal.o(i.HAL_Init)
    HAL_InitTick                             0x08001e65   Thumb Code    54  stm32f1xx_hal.o(i.HAL_InitTick)
    HAL_MspInit                              0x08001ea5   Thumb Code    52  stm32f1xx_hal_msp.o(i.HAL_MspInit)
    HAL_NVIC_SetPriority                     0x08001ee1   Thumb Code    60  stm32f1xx_hal_cortex.o(i.HAL_NVIC_SetPriority)
    HAL_NVIC_SetPriorityGrouping             0x08001f21   Thumb Code    26  stm32f1xx_hal_cortex.o(i.HAL_NVIC_SetPriorityGrouping)
    HAL_NVIC_SystemReset                     0x08001f45   Thumb Code    26  stm32f1xx_hal_cortex.o(i.HAL_NVIC_SystemReset)
    HAL_RCCEx_GetPeriphCLKFreq               0x08001f69   Thumb Code   148  stm32f1xx_hal_rcc_ex.o(i.HAL_RCCEx_GetPeriphCLKFreq)
    HAL_RCCEx_PeriphCLKConfig                0x0800200d   Thumb Code   224  stm32f1xx_hal_rcc_ex.o(i.HAL_RCCEx_PeriphCLKConfig)
    HAL_RCC_ClockConfig                      0x080020f9   Thumb Code   280  stm32f1xx_hal_rcc.o(i.HAL_RCC_ClockConfig)
    HAL_RCC_GetPCLK1Freq                     0x08002225   Thumb Code    20  stm32f1xx_hal_rcc.o(i.HAL_RCC_GetPCLK1Freq)
    HAL_RCC_GetPCLK2Freq                     0x08002245   Thumb Code    20  stm32f1xx_hal_rcc.o(i.HAL_RCC_GetPCLK2Freq)
    HAL_RCC_GetSysClockFreq                  0x08002265   Thumb Code    58  stm32f1xx_hal_rcc.o(i.HAL_RCC_GetSysClockFreq)
    HAL_RCC_OscConfig                        0x080022b1   Thumb Code   778  stm32f1xx_hal_rcc.o(i.HAL_RCC_OscConfig)
    HAL_SYSTICK_Config                       0x080025d1   Thumb Code    40  stm32f1xx_hal_cortex.o(i.HAL_SYSTICK_Config)
    HardFault_Handler                        0x080025f9   Thumb Code     2  stm32f1xx_it.o(i.HardFault_Handler)
    MX_ADC1_Init                             0x080028c1   Thumb Code    70  adc.o(i.MX_ADC1_Init)
    MX_GPIO_Init                             0x08002911   Thumb Code   166  gpio.o(i.MX_GPIO_Init)
    MX_I2C1_Init                             0x080029c5   Thumb Code    50  i2c.o(i.MX_I2C1_Init)
    MemManage_Handler                        0x08002a05   Thumb Code     2  stm32f1xx_it.o(i.MemManage_Handler)
    Menu_HandleInput                         0x08002a09   Thumb Code    90  menu.o(i.Menu_HandleInput)
    Menu_Init                                0x08002a69   Thumb Code    10  menu.o(i.Menu_Init)
    Menu_Render                              0x08002a79   Thumb Code   106  menu.o(i.Menu_Render)
    NMI_Handler                              0x08002afd   Thumb Code     2  stm32f1xx_it.o(i.NMI_Handler)
    OLED_Init                                0x08002aff   Thumb Code   170  oled.o(i.OLED_Init)
    OLED_NewFrame                            0x08002ba9   Thumb Code    10  oled.o(i.OLED_NewFrame)
    OLED_PrintASCIIChar                      0x08002bb9   Thumb Code    32  oled.o(i.OLED_PrintASCIIChar)
    OLED_PrintString                         0x08002bd9   Thumb Code   182  oled.o(i.OLED_PrintString)
    OLED_Send                                0x08002c91   Thumb Code    22  oled.o(i.OLED_Send)
    OLED_SendCmd                             0x08002cad   Thumb Code    12  oled.o(i.OLED_SendCmd)
    OLED_SetBits                             0x08002cbd   Thumb Code    72  oled.o(i.OLED_SetBits)
    OLED_SetBits_Fine                        0x08002d05   Thumb Code   104  oled.o(i.OLED_SetBits_Fine)
    OLED_SetBlock                            0x08002d6d   Thumb Code   136  oled.o(i.OLED_SetBlock)
    OLED_SetByte_Fine                        0x08002df5   Thumb Code    64  oled.o(i.OLED_SetByte_Fine)
    OLED_ShowFrame                           0x08002e3d   Thumb Code    68  oled.o(i.OLED_ShowFrame)
    PendSV_Handler                           0x08002e85   Thumb Code     2  stm32f1xx_it.o(i.PendSV_Handler)
    SVC_Handler                              0x08002e87   Thumb Code     2  stm32f1xx_it.o(i.SVC_Handler)
    SysTick_Handler                          0x08002e89   Thumb Code     4  stm32f1xx_it.o(i.SysTick_Handler)
    SystemClock_Config                       0x08002e8d   Thumb Code   120  main.o(i.SystemClock_Config)
    SystemInit                               0x08002f05   Thumb Code     2  system_stm32f1xx.o(i.SystemInit)
    UsageFault_Handler                       0x08002f07   Thumb Code     2  stm32f1xx_it.o(i.UsageFault_Handler)
    _OLED_GetUTF8Len                         0x08002f09   Thumb Code    50  oled.o(i._OLED_GetUTF8Len)
    __ARM_fpclassify                         0x08002f3b   Thumb Code    40  fpclassify.o(i.__ARM_fpclassify)
    cmd_ADC                                  0x08002f85   Thumb Code   114  menudata.o(i.cmd_ADC)
    cmd_about                                0x08003019   Thumb Code    72  menudata.o(i.cmd_about)
    cmd_reboot                               0x0800308d   Thumb Code    44  menudata.o(i.cmd_reboot)
    cmd_set_time                             0x080030cd   Thumb Code    56  menudata.o(i.cmd_set_time)
    getkey                                   0x08003129   Thumb Code    66  key.o(i.getkey)
    main                                     0x08003171   Thumb Code    52  main.o(i.main)
    _get_lc_numeric                          0x080031a9   Thumb Code    44  lc_numeric_c.o(locale$$code)
    __fpl_dretinf                            0x080031d5   Thumb Code    12  dretinf.o(x$fpl$dretinf)
    __aeabi_f2d                              0x080031e1   Thumb Code     0  f2d.o(x$fpl$f2d)
    _f2d                                     0x080031e1   Thumb Code    86  f2d.o(x$fpl$f2d)
    __aeabi_ui2f                             0x08003239   Thumb Code     0  fflt_clz.o(x$fpl$ffltu)
    _ffltu                                   0x08003239   Thumb Code    38  fflt_clz.o(x$fpl$ffltu)
    __fpl_fnaninf                            0x0800325f   Thumb Code   140  fnaninf.o(x$fpl$fnaninf)
    _printf_fp_dec                           0x080032eb   Thumb Code     4  printf1.o(x$fpl$printf1)
    __I$use$fp                               0x080032ee   Number         0  usenofp.o(x$fpl$usenofp)
    ascii_16x8                               0x080032ee   Data        1520  font.o(.constdata)
    afont16x8                                0x080038e0   Data           8  font.o(.constdata)
    zh16x16                                  0x080038e8   Data         144  font.o(.constdata)
    font16x16                                0x08003978   Data          16  font.o(.constdata)
    AHBPrescTable                            0x080039f4   Data          16  system_stm32f1xx.o(.constdata)
    APBPrescTable                            0x08003a04   Data           8  system_stm32f1xx.o(.constdata)
    Region$$Table$$Base                      0x08003adc   Number         0  anon$$obj.o(Region$$Table)
    Region$$Table$$Limit                     0x08003afc   Number         0  anon$$obj.o(Region$$Table)
    settings_menu                            0x2000000c   Data          16  menudata.o(.data)
    main_menu                                0x2000001c   Data          16  menudata.o(.data)
    uwTickFreq                               0x2000002c   Data           1  stm32f1xx_hal.o(.data)
    uwTickPrio                               0x20000030   Data           4  stm32f1xx_hal.o(.data)
    uwTick                                   0x20000034   Data           4  stm32f1xx_hal.o(.data)
    SystemCoreClock                          0x20000038   Data           4  system_stm32f1xx.o(.data)
    OLED_GRAM                                0x200000bd   Data        1024  oled.o(.bss)
    hadc1                                    0x200004c0   Data          48  adc.o(.bss)
    hi2c1                                    0x200004f0   Data          84  i2c.o(.bss)
    __libspace_start                         0x20000544   Data          96  libspace.o(.bss)
    __temporary_stack_top$libspace           0x200005a4   Data           0  libspace.o(.bss)



==============================================================================

Memory Map of the image

  Image Entry point : 0x080000ed

  Load Region LR_IROM1 (Base: 0x08000000, Size: 0x00003b54, Max: 0x00010000, ABSOLUTE)

    Execution Region ER_IROM1 (Exec base: 0x08000000, Load base: 0x08000000, Size: 0x00003b18, Max: 0x00010000, ABSOLUTE)

    Exec Addr    Load Addr    Size         Type   Attr      Idx    E Section Name        Object

    0x08000000   0x08000000   0x000000ec   Data   RO            3    RESET               startup_stm32f103xb.o
    0x080000ec   0x080000ec   0x00000008   Code   RO         2622  * !!!main             c_w.l(__main.o)
    0x080000f4   0x080000f4   0x00000034   Code   RO         2870    !!!scatter          c_w.l(__scatter.o)
    0x08000128   0x08000128   0x0000001a   Code   RO         2872    !!handler_copy      c_w.l(__scatter_copy.o)
    0x08000142   0x08000142   0x00000002   PAD
    0x08000144   0x08000144   0x0000001c   Code   RO         2874    !!handler_zi        c_w.l(__scatter_zi.o)
    0x08000160   0x08000160   0x00000000   Code   RO         2611    .ARM.Collect$$_printf_percent$$00000000  c_w.l(_printf_percent.o)
    0x08000160   0x08000160   0x00000006   Code   RO         2610    .ARM.Collect$$_printf_percent$$00000003  c_w.l(_printf_f.o)
    0x08000166   0x08000166   0x00000006   Code   RO         2609    .ARM.Collect$$_printf_percent$$00000014  c_w.l(_printf_s.o)
    0x0800016c   0x0800016c   0x00000004   Code   RO         2661    .ARM.Collect$$_printf_percent$$00000017  c_w.l(_printf_percent_end.o)
    0x08000170   0x08000170   0x00000002   Code   RO         2743    .ARM.Collect$$libinit$$00000000  c_w.l(libinit.o)
    0x08000172   0x08000172   0x00000000   Code   RO         2745    .ARM.Collect$$libinit$$00000002  c_w.l(libinit2.o)
    0x08000172   0x08000172   0x00000000   Code   RO         2747    .ARM.Collect$$libinit$$00000004  c_w.l(libinit2.o)
    0x08000172   0x08000172   0x00000000   Code   RO         2750    .ARM.Collect$$libinit$$0000000A  c_w.l(libinit2.o)
    0x08000172   0x08000172   0x00000000   Code   RO         2752    .ARM.Collect$$libinit$$0000000C  c_w.l(libinit2.o)
    0x08000172   0x08000172   0x00000000   Code   RO         2754    .ARM.Collect$$libinit$$0000000E  c_w.l(libinit2.o)
    0x08000172   0x08000172   0x00000006   Code   RO         2755    .ARM.Collect$$libinit$$0000000F  c_w.l(libinit2.o)
    0x08000178   0x08000178   0x00000000   Code   RO         2757    .ARM.Collect$$libinit$$00000011  c_w.l(libinit2.o)
    0x08000178   0x08000178   0x00000000   Code   RO         2759    .ARM.Collect$$libinit$$00000013  c_w.l(libinit2.o)
    0x08000178   0x08000178   0x00000000   Code   RO         2761    .ARM.Collect$$libinit$$00000015  c_w.l(libinit2.o)
    0x08000178   0x08000178   0x0000000a   Code   RO         2762    .ARM.Collect$$libinit$$00000016  c_w.l(libinit2.o)
    0x08000182   0x08000182   0x00000000   Code   RO         2763    .ARM.Collect$$libinit$$00000017  c_w.l(libinit2.o)
    0x08000182   0x08000182   0x00000000   Code   RO         2765    .ARM.Collect$$libinit$$00000019  c_w.l(libinit2.o)
    0x08000182   0x08000182   0x00000000   Code   RO         2767    .ARM.Collect$$libinit$$0000001B  c_w.l(libinit2.o)
    0x08000182   0x08000182   0x00000000   Code   RO         2769    .ARM.Collect$$libinit$$0000001D  c_w.l(libinit2.o)
    0x08000182   0x08000182   0x00000000   Code   RO         2771    .ARM.Collect$$libinit$$0000001F  c_w.l(libinit2.o)
    0x08000182   0x08000182   0x00000000   Code   RO         2773    .ARM.Collect$$libinit$$00000021  c_w.l(libinit2.o)
    0x08000182   0x08000182   0x00000000   Code   RO         2775    .ARM.Collect$$libinit$$00000023  c_w.l(libinit2.o)
    0x08000182   0x08000182   0x00000000   Code   RO         2777    .ARM.Collect$$libinit$$00000025  c_w.l(libinit2.o)
    0x08000182   0x08000182   0x00000000   Code   RO         2781    .ARM.Collect$$libinit$$0000002C  c_w.l(libinit2.o)
    0x08000182   0x08000182   0x00000000   Code   RO         2783    .ARM.Collect$$libinit$$0000002E  c_w.l(libinit2.o)
    0x08000182   0x08000182   0x00000000   Code   RO         2785    .ARM.Collect$$libinit$$00000030  c_w.l(libinit2.o)
    0x08000182   0x08000182   0x00000000   Code   RO         2787    .ARM.Collect$$libinit$$00000032  c_w.l(libinit2.o)
    0x08000182   0x08000182   0x00000002   Code   RO         2788    .ARM.Collect$$libinit$$00000033  c_w.l(libinit2.o)
    0x08000184   0x08000184   0x00000002   Code   RO         2818    .ARM.Collect$$libshutdown$$00000000  c_w.l(libshutdown.o)
    0x08000186   0x08000186   0x00000000   Code   RO         2829    .ARM.Collect$$libshutdown$$00000002  c_w.l(libshutdown2.o)
    0x08000186   0x08000186   0x00000000   Code   RO         2831    .ARM.Collect$$libshutdown$$00000004  c_w.l(libshutdown2.o)
    0x08000186   0x08000186   0x00000000   Code   RO         2834    .ARM.Collect$$libshutdown$$00000007  c_w.l(libshutdown2.o)
    0x08000186   0x08000186   0x00000000   Code   RO         2837    .ARM.Collect$$libshutdown$$0000000A  c_w.l(libshutdown2.o)
    0x08000186   0x08000186   0x00000000   Code   RO         2839    .ARM.Collect$$libshutdown$$0000000C  c_w.l(libshutdown2.o)
    0x08000186   0x08000186   0x00000000   Code   RO         2842    .ARM.Collect$$libshutdown$$0000000F  c_w.l(libshutdown2.o)
    0x08000186   0x08000186   0x00000002   Code   RO         2843    .ARM.Collect$$libshutdown$$00000010  c_w.l(libshutdown2.o)
    0x08000188   0x08000188   0x00000000   Code   RO         2652    .ARM.Collect$$rtentry$$00000000  c_w.l(__rtentry.o)
    0x08000188   0x08000188   0x00000000   Code   RO         2672    .ARM.Collect$$rtentry$$00000002  c_w.l(__rtentry2.o)
    0x08000188   0x08000188   0x00000006   Code   RO         2684    .ARM.Collect$$rtentry$$00000004  c_w.l(__rtentry4.o)
    0x0800018e   0x0800018e   0x00000000   Code   RO         2674    .ARM.Collect$$rtentry$$00000009  c_w.l(__rtentry2.o)
    0x0800018e   0x0800018e   0x00000004   Code   RO         2675    .ARM.Collect$$rtentry$$0000000A  c_w.l(__rtentry2.o)
    0x08000192   0x08000192   0x00000000   Code   RO         2677    .ARM.Collect$$rtentry$$0000000C  c_w.l(__rtentry2.o)
    0x08000192   0x08000192   0x00000008   Code   RO         2678    .ARM.Collect$$rtentry$$0000000D  c_w.l(__rtentry2.o)
    0x0800019a   0x0800019a   0x00000002   Code   RO         2789    .ARM.Collect$$rtexit$$00000000  c_w.l(rtexit.o)
    0x0800019c   0x0800019c   0x00000000   Code   RO         2796    .ARM.Collect$$rtexit$$00000002  c_w.l(rtexit2.o)
    0x0800019c   0x0800019c   0x00000004   Code   RO         2797    .ARM.Collect$$rtexit$$00000003  c_w.l(rtexit2.o)
    0x080001a0   0x080001a0   0x00000006   Code   RO         2798    .ARM.Collect$$rtexit$$00000004  c_w.l(rtexit2.o)
    0x080001a6   0x080001a6   0x00000002   PAD
    0x080001a8   0x080001a8   0x00000040   Code   RO            4    .text               startup_stm32f103xb.o
    0x080001e8   0x080001e8   0x00000028   Code   RO         2583    .text               c_w.l(noretval__2sprintf.o)
    0x08000210   0x08000210   0x00000068   Code   RO         2585    .text               c_w.l(__printf.o)
    0x08000278   0x08000278   0x00000052   Code   RO         2587    .text               c_w.l(_printf_str.o)
    0x080002ca   0x080002ca   0x00000058   Code   RO         2612    .text               c_w.l(memcmp.o)
    0x08000322   0x08000322   0x0000008a   Code   RO         2614    .text               c_w.l(rt_memcpy_v6.o)
    0x080003ac   0x080003ac   0x00000044   Code   RO         2616    .text               c_w.l(rt_memclr.o)
    0x080003f0   0x080003f0   0x0000004e   Code   RO         2618    .text               c_w.l(rt_memclr_w.o)
    0x0800043e   0x0800043e   0x00000006   Code   RO         2620    .text               c_w.l(heapauxi.o)
    0x08000444   0x08000444   0x0000041e   Code   RO         2653    .text               c_w.l(_printf_fp_dec.o)
    0x08000862   0x08000862   0x00000002   PAD
    0x08000864   0x08000864   0x00000030   Code   RO         2655    .text               c_w.l(_printf_char_common.o)
    0x08000894   0x08000894   0x0000000a   Code   RO         2657    .text               c_w.l(_sputc.o)
    0x0800089e   0x0800089e   0x0000002c   Code   RO         2659    .text               c_w.l(_printf_char.o)
    0x080008ca   0x080008ca   0x00000064   Code   RO         2662    .text               c_w.l(rt_memcpy_w.o)
    0x0800092e   0x0800092e   0x00000002   PAD
    0x08000930   0x08000930   0x00000008   Code   RO         2689    .text               c_w.l(rt_locale_intlibspace.o)
    0x08000938   0x08000938   0x0000008a   Code   RO         2691    .text               c_w.l(lludiv10.o)
    0x080009c2   0x080009c2   0x00000002   PAD
    0x080009c4   0x080009c4   0x00000080   Code   RO         2693    .text               c_w.l(_printf_fp_infnan.o)
    0x08000a44   0x08000a44   0x000000e4   Code   RO         2697    .text               c_w.l(bigflt0.o)
    0x08000b28   0x08000b28   0x00000008   Code   RO         2729    .text               c_w.l(libspace.o)
    0x08000b30   0x08000b30   0x0000004a   Code   RO         2732    .text               c_w.l(sys_stackheap_outer.o)
    0x08000b7a   0x08000b7a   0x00000012   Code   RO         2734    .text               c_w.l(exit.o)
    0x08000b8c   0x08000b8c   0x00000080   Code   RO         2736    .text               c_w.l(strcmpv7m.o)
    0x08000c0c   0x08000c0c   0x0000000c   Code   RO         2808    .text               c_w.l(sys_exit.o)
    0x08000c18   0x08000c18   0x00000002   Code   RO         2819    .text               c_w.l(use_no_semi.o)
    0x08000c1a   0x08000c1a   0x00000000   Code   RO         2821    .text               c_w.l(indicate_semi.o)
    0x08000c1a   0x08000c1a   0x0000003e   Code   RO         2700    CL$$btod_d2e        c_w.l(btod.o)
    0x08000c58   0x08000c58   0x00000046   Code   RO         2702    CL$$btod_d2e_denorm_low  c_w.l(btod.o)
    0x08000c9e   0x08000c9e   0x00000060   Code   RO         2701    CL$$btod_d2e_norm_op1  c_w.l(btod.o)
    0x08000cfe   0x08000cfe   0x00000338   Code   RO         2710    CL$$btod_div_common  c_w.l(btod.o)
    0x08001036   0x08001036   0x000000dc   Code   RO         2707    CL$$btod_e2e        c_w.l(btod.o)
    0x08001112   0x08001112   0x0000002a   Code   RO         2704    CL$$btod_ediv       c_w.l(btod.o)
    0x0800113c   0x0800113c   0x0000002a   Code   RO         2703    CL$$btod_emul       c_w.l(btod.o)
    0x08001166   0x08001166   0x00000244   Code   RO         2709    CL$$btod_mult_common  c_w.l(btod.o)
    0x080013aa   0x080013aa   0x00000002   PAD
    0x080013ac   0x080013ac   0x00000056   Code   RO          852    i.ADC_ConversionStop_Disable  stm32f1xx_hal_adc.o
    0x08001402   0x08001402   0x00000002   PAD
    0x08001404   0x08001404   0x0000007c   Code   RO          856    i.ADC_Enable        stm32f1xx_hal_adc.o
    0x08001480   0x08001480   0x00000002   Code   RO          589    i.BusFault_Handler  stm32f1xx_it.o
    0x08001482   0x08001482   0x00000002   Code   RO          590    i.DebugMon_Handler  stm32f1xx_it.o
    0x08001484   0x08001484   0x00000004   Code   RO          327    i.Error_Handler     main.o
    0x08001488   0x08001488   0x000000fc   Code   RO          858    i.HAL_ADC_ConfigChannel  stm32f1xx_hal_adc.o
    0x08001584   0x08001584   0x00000006   Code   RO          865    i.HAL_ADC_GetValue  stm32f1xx_hal_adc.o
    0x0800158a   0x0800158a   0x00000002   PAD
    0x0800158c   0x0800158c   0x0000011c   Code   RO          867    i.HAL_ADC_Init      stm32f1xx_hal_adc.o
    0x080016a8   0x080016a8   0x00000058   Code   RO          506    i.HAL_ADC_MspInit   adc.o
    0x08001700   0x08001700   0x0000013c   Code   RO          871    i.HAL_ADC_PollForConversion  stm32f1xx_hal_adc.o
    0x0800183c   0x0800183c   0x000000c0   Code   RO          873    i.HAL_ADC_Start     stm32f1xx_hal_adc.o
    0x080018fc   0x080018fc   0x00000024   Code   RO         1135    i.HAL_Delay         stm32f1xx_hal.o
    0x08001920   0x08001920   0x000001e0   Code   RO         1445    i.HAL_GPIO_Init     stm32f1xx_hal_gpio.o
    0x08001b00   0x08001b00   0x0000000a   Code   RO         1447    i.HAL_GPIO_ReadPin  stm32f1xx_hal_gpio.o
    0x08001b0a   0x08001b0a   0x0000000a   Code   RO         1449    i.HAL_GPIO_WritePin  stm32f1xx_hal_gpio.o
    0x08001b14   0x08001b14   0x0000000c   Code   RO         1139    i.HAL_GetTick       stm32f1xx_hal.o
    0x08001b20   0x08001b20   0x00000188   Code   RO         2116    i.HAL_I2C_Init      stm32f1xx_hal_i2c.o
    0x08001ca8   0x08001ca8   0x0000012c   Code   RO         2129    i.HAL_I2C_Master_Transmit  stm32f1xx_hal_i2c.o
    0x08001dd4   0x08001dd4   0x0000005c   Code   RO          548    i.HAL_I2C_MspInit   i2c.o
    0x08001e30   0x08001e30   0x00000010   Code   RO         1145    i.HAL_IncTick       stm32f1xx_hal.o
    0x08001e40   0x08001e40   0x00000024   Code   RO         1146    i.HAL_Init          stm32f1xx_hal.o
    0x08001e64   0x08001e64   0x00000040   Code   RO         1147    i.HAL_InitTick      stm32f1xx_hal.o
    0x08001ea4   0x08001ea4   0x0000003c   Code   RO          664    i.HAL_MspInit       stm32f1xx_hal_msp.o
    0x08001ee0   0x08001ee0   0x00000040   Code   RO         1611    i.HAL_NVIC_SetPriority  stm32f1xx_hal_cortex.o
    0x08001f20   0x08001f20   0x00000024   Code   RO         1612    i.HAL_NVIC_SetPriorityGrouping  stm32f1xx_hal_cortex.o
    0x08001f44   0x08001f44   0x00000024   Code   RO         1613    i.HAL_NVIC_SystemReset  stm32f1xx_hal_cortex.o
    0x08001f68   0x08001f68   0x000000a4   Code   RO         1406    i.HAL_RCCEx_GetPeriphCLKFreq  stm32f1xx_hal_rcc_ex.o
    0x0800200c   0x0800200c   0x000000ec   Code   RO         1407    i.HAL_RCCEx_PeriphCLKConfig  stm32f1xx_hal_rcc_ex.o
    0x080020f8   0x080020f8   0x0000012c   Code   RO         1303    i.HAL_RCC_ClockConfig  stm32f1xx_hal_rcc.o
    0x08002224   0x08002224   0x00000020   Code   RO         1310    i.HAL_RCC_GetPCLK1Freq  stm32f1xx_hal_rcc.o
    0x08002244   0x08002244   0x00000020   Code   RO         1311    i.HAL_RCC_GetPCLK2Freq  stm32f1xx_hal_rcc.o
    0x08002264   0x08002264   0x0000004c   Code   RO         1312    i.HAL_RCC_GetSysClockFreq  stm32f1xx_hal_rcc.o
    0x080022b0   0x080022b0   0x00000320   Code   RO         1315    i.HAL_RCC_OscConfig  stm32f1xx_hal_rcc.o
    0x080025d0   0x080025d0   0x00000028   Code   RO         1616    i.HAL_SYSTICK_Config  stm32f1xx_hal_cortex.o
    0x080025f8   0x080025f8   0x00000002   Code   RO          591    i.HardFault_Handler  stm32f1xx_it.o
    0x080025fa   0x080025fa   0x0000002e   Code   RO         2159    i.I2C_IsAcknowledgeFailed  stm32f1xx_hal_i2c.o
    0x08002628   0x08002628   0x0000009c   Code   RO         2163    i.I2C_MasterRequestWrite  stm32f1xx_hal_i2c.o
    0x080026c4   0x080026c4   0x00000056   Code   RO         2174    i.I2C_WaitOnBTFFlagUntilTimeout  stm32f1xx_hal_i2c.o
    0x0800271a   0x0800271a   0x00000002   PAD
    0x0800271c   0x0800271c   0x00000090   Code   RO         2175    i.I2C_WaitOnFlagUntilTimeout  stm32f1xx_hal_i2c.o
    0x080027ac   0x080027ac   0x000000bc   Code   RO         2176    i.I2C_WaitOnMasterAddressFlagUntilTimeout  stm32f1xx_hal_i2c.o
    0x08002868   0x08002868   0x00000056   Code   RO         2178    i.I2C_WaitOnTXEFlagUntilTimeout  stm32f1xx_hal_i2c.o
    0x080028be   0x080028be   0x00000002   PAD
    0x080028c0   0x080028c0   0x00000050   Code   RO          507    i.MX_ADC1_Init      adc.o
    0x08002910   0x08002910   0x000000b4   Code   RO          478    i.MX_GPIO_Init      gpio.o
    0x080029c4   0x080029c4   0x00000040   Code   RO          549    i.MX_I2C1_Init      i2c.o
    0x08002a04   0x08002a04   0x00000002   Code   RO          592    i.MemManage_Handler  stm32f1xx_it.o
    0x08002a06   0x08002a06   0x00000002   PAD
    0x08002a08   0x08002a08   0x00000060   Code   RO          715    i.Menu_HandleInput  menu.o
    0x08002a68   0x08002a68   0x00000010   Code   RO          716    i.Menu_Init         menu.o
    0x08002a78   0x08002a78   0x00000084   Code   RO          717    i.Menu_Render       menu.o
    0x08002afc   0x08002afc   0x00000002   Code   RO          593    i.NMI_Handler       stm32f1xx_it.o
    0x08002afe   0x08002afe   0x000000aa   Code   RO           54    i.OLED_Init         oled.o
    0x08002ba8   0x08002ba8   0x00000010   Code   RO           55    i.OLED_NewFrame     oled.o
    0x08002bb8   0x08002bb8   0x00000020   Code   RO           56    i.OLED_PrintASCIIChar  oled.o
    0x08002bd8   0x08002bd8   0x000000b6   Code   RO           58    i.OLED_PrintString  oled.o
    0x08002c8e   0x08002c8e   0x00000002   PAD
    0x08002c90   0x08002c90   0x0000001c   Code   RO           59    i.OLED_Send         oled.o
    0x08002cac   0x08002cac   0x00000010   Code   RO           60    i.OLED_SendCmd      oled.o
    0x08002cbc   0x08002cbc   0x00000048   Code   RO           61    i.OLED_SetBits      oled.o
    0x08002d04   0x08002d04   0x00000068   Code   RO           62    i.OLED_SetBits_Fine  oled.o
    0x08002d6c   0x08002d6c   0x00000088   Code   RO           63    i.OLED_SetBlock     oled.o
    0x08002df4   0x08002df4   0x00000048   Code   RO           65    i.OLED_SetByte_Fine  oled.o
    0x08002e3c   0x08002e3c   0x00000048   Code   RO           68    i.OLED_ShowFrame    oled.o
    0x08002e84   0x08002e84   0x00000002   Code   RO          594    i.PendSV_Handler    stm32f1xx_it.o
    0x08002e86   0x08002e86   0x00000002   Code   RO          595    i.SVC_Handler       stm32f1xx_it.o
    0x08002e88   0x08002e88   0x00000004   Code   RO          596    i.SysTick_Handler   stm32f1xx_it.o
    0x08002e8c   0x08002e8c   0x00000078   Code   RO          328    i.SystemClock_Config  main.o
    0x08002f04   0x08002f04   0x00000002   Code   RO         2543    i.SystemInit        system_stm32f1xx.o
    0x08002f06   0x08002f06   0x00000002   Code   RO          597    i.UsageFault_Handler  stm32f1xx_it.o
    0x08002f08   0x08002f08   0x00000032   Code   RO           69    i._OLED_GetUTF8Len  oled.o
    0x08002f3a   0x08002f3a   0x00000028   Code   RO         2727    i.__ARM_fpclassify  m_ws.l(fpclassify.o)
    0x08002f62   0x08002f62   0x00000020   Code   RO         1618    i.__NVIC_SetPriority  stm32f1xx_hal_cortex.o
    0x08002f82   0x08002f82   0x00000002   PAD
    0x08002f84   0x08002f84   0x00000094   Code   RO          761    i.cmd_ADC           menudata.o
    0x08003018   0x08003018   0x00000074   Code   RO          762    i.cmd_about         menudata.o
    0x0800308c   0x0800308c   0x00000040   Code   RO          763    i.cmd_reboot        menudata.o
    0x080030cc   0x080030cc   0x0000005c   Code   RO          764    i.cmd_set_time      menudata.o
    0x08003128   0x08003128   0x00000048   Code   RO          688    i.getkey            key.o
    0x08003170   0x08003170   0x00000038   Code   RO          329    i.main              main.o
    0x080031a8   0x080031a8   0x0000002c   Code   RO         2723    locale$$code        c_w.l(lc_numeric_c.o)
    0x080031d4   0x080031d4   0x0000000c   Code   RO         2666    x$fpl$dretinf       fz_ws.l(dretinf.o)
    0x080031e0   0x080031e0   0x00000056   Code   RO         2642    x$fpl$f2d           fz_ws.l(f2d.o)
    0x08003236   0x08003236   0x00000002   PAD
    0x08003238   0x08003238   0x00000026   Code   RO         2644    x$fpl$ffltu         fz_ws.l(fflt_clz.o)
    0x0800325e   0x0800325e   0x0000008c   Code   RO         2668    x$fpl$fnaninf       fz_ws.l(fnaninf.o)
    0x080032ea   0x080032ea   0x00000004   Code   RO         2650    x$fpl$printf1       fz_ws.l(printf1.o)
    0x080032ee   0x080032ee   0x00000000   Code   RO         2670    x$fpl$usenofp       fz_ws.l(usenofp.o)
    0x080032ee   0x080032ee   0x000005f0   Data   RO           14    .constdata          font.o
    0x080038de   0x080038de   0x00000002   PAD
    0x080038e0   0x080038e0   0x00000008   Data   RO           15    .constdata          font.o
    0x080038e8   0x080038e8   0x00000090   Data   RO           18    .constdata          font.o
    0x08003978   0x08003978   0x00000010   Data   RO           19    .constdata          font.o
    0x08003988   0x08003988   0x00000030   Data   RO          765    .constdata          menudata.o
    0x080039b8   0x080039b8   0x00000018   Data   RO          766    .constdata          menudata.o
    0x080039d0   0x080039d0   0x00000012   Data   RO         1316    .constdata          stm32f1xx_hal_rcc.o
    0x080039e2   0x080039e2   0x00000012   Data   RO         1408    .constdata          stm32f1xx_hal_rcc_ex.o
    0x080039f4   0x080039f4   0x00000010   Data   RO         2544    .constdata          system_stm32f1xx.o
    0x08003a04   0x08003a04   0x00000008   Data   RO         2545    .constdata          system_stm32f1xx.o
    0x08003a0c   0x08003a0c   0x00000094   Data   RO         2698    .constdata          c_w.l(bigflt0.o)
    0x08003aa0   0x08003aa0   0x0000001f   Data   RO          767    .conststring        menudata.o
    0x08003abf   0x08003abf   0x00000001   PAD
    0x08003ac0   0x08003ac0   0x00000012   Data   RO          768    .conststring        menudata.o
    0x08003ad2   0x08003ad2   0x00000002   PAD
    0x08003ad4   0x08003ad4   0x00000005   Data   RO          770    .conststring        menudata.o
    0x08003ad9   0x08003ad9   0x00000003   PAD
    0x08003adc   0x08003adc   0x00000020   Data   RO         2868    Region$$Table       anon$$obj.o
    0x08003afc   0x08003afc   0x0000001c   Data   RO         2722    locale$$data        c_w.l(lc_numeric_c.o)


    Execution Region RW_IRAM1 (Exec base: 0x20000000, Load base: 0x08003b18, Size: 0x00000ba8, Max: 0x00005000, ABSOLUTE)

    Exec Addr    Load Addr    Size         Type   Attr      Idx    E Section Name        Object

    0x20000000   0x08003b18   0x00000004   Data   RW           71    .data               oled.o
    0x20000004   0x08003b1c   0x00000008   Data   RW          718    .data               menu.o
    0x2000000c   0x08003b24   0x00000010   Data   RW          771    .data               menudata.o
    0x2000001c   0x08003b34   0x00000010   Data   RW          772    .data               menudata.o
    0x2000002c   0x08003b44   0x0000000c   Data   RW         1153    .data               stm32f1xx_hal.o
    0x20000038   0x08003b50   0x00000004   Data   RW         2546    .data               system_stm32f1xx.o
    0x2000003c        -       0x00000481   Zero   RW           70    .bss                oled.o
    0x200004bd   0x08003b54   0x00000003   PAD
    0x200004c0        -       0x00000030   Zero   RW          508    .bss                adc.o
    0x200004f0        -       0x00000054   Zero   RW          550    .bss                i2c.o
    0x20000544        -       0x00000060   Zero   RW         2730    .bss                c_w.l(libspace.o)
    0x200005a4   0x08003b54   0x00000004   PAD
    0x200005a8        -       0x00000200   Zero   RW            2    HEAP                startup_stm32f103xb.o
    0x200007a8        -       0x00000400   Zero   RW            1    STACK               startup_stm32f103xb.o


==============================================================================

Image component sizes


      Code (inc. data)   RO Data    RW Data    ZI Data      Debug   Object Name

       168         22          0          0         48       1533   adc.o
         0          0       1688          0          0       6021   font.o
       180         14          0          0          0        891   gpio.o
       156         26          0          0         84       1521   i2c.o
        72          6          0          0          0        517   key.o
       180          4          0          0          0      34174   main.o
       244         38          0          8          0       2205   menu.o
       420        134        126         32          0       2148   menudata.o
       950         28          0          4       1153     413579   oled.o
        64         26        236          0       1536        784   startup_stm32f103xb.o
       164         28          0         12          0       5685   stm32f1xx_hal.o
      1260         54          0          0          0       6308   stm32f1xx_hal_adc.o
       208         24          0          0          0      28705   stm32f1xx_hal_cortex.o
       500         34          0          0          0       3407   stm32f1xx_hal_gpio.o
      1398         32          0          0          0       8873   stm32f1xx_hal_i2c.o
        60          8          0          0          0        822   stm32f1xx_hal_msp.o
      1240         84         18          0          0       4948   stm32f1xx_hal_rcc.o
       400         28         18          0          0       2389   stm32f1xx_hal_rcc_ex.o
        20          0          0          0          0       3626   stm32f1xx_it.o
         2          0         24          4          0       1035   system_stm32f1xx.o

    ----------------------------------------------------------------------
      7700        590       2150         60       2824     529171   Object Totals
         0          0         32          0          0          0   (incl. Generated)
        14          0          8          0          3          0   (incl. Padding)

    ----------------------------------------------------------------------

      Code (inc. data)   RO Data    RW Data    ZI Data      Debug   Library Member Name

         8          0          0          0          0         68   __main.o
       104          0          0          0          0         84   __printf.o
         0          0          0          0          0          0   __rtentry.o
        12          0          0          0          0          0   __rtentry2.o
         6          0          0          0          0          0   __rtentry4.o
        52          8          0          0          0          0   __scatter.o
        26          0          0          0          0          0   __scatter_copy.o
        28          0          0          0          0          0   __scatter_zi.o
        44          0          0          0          0        108   _printf_char.o
        48          6          0          0          0         96   _printf_char_common.o
         6          0          0          0          0          0   _printf_f.o
      1054          0          0          0          0        216   _printf_fp_dec.o
       128         16          0          0          0         84   _printf_fp_infnan.o
         0          0          0          0          0          0   _printf_percent.o
         4          0          0          0          0          0   _printf_percent_end.o
         6          0          0          0          0          0   _printf_s.o
        82          0          0          0          0         80   _printf_str.o
        10          0          0          0          0         68   _sputc.o
       228          4        148          0          0         96   bigflt0.o
      1936        128          0          0          0        672   btod.o
        18          0          0          0          0         80   exit.o
         6          0          0          0          0        152   heapauxi.o
         0          0          0          0          0          0   indicate_semi.o
        44         10         28          0          0         76   lc_numeric_c.o
         2          0          0          0          0          0   libinit.o
        18          0          0          0          0          0   libinit2.o
         2          0          0          0          0          0   libshutdown.o
         2          0          0          0          0          0   libshutdown2.o
         8          4          0          0         96         68   libspace.o
       138          0          0          0          0         80   lludiv10.o
        88          0          0          0          0         76   memcmp.o
        40          6          0          0          0         84   noretval__2sprintf.o
         8          4          0          0          0         68   rt_locale_intlibspace.o
        68          0          0          0          0         68   rt_memclr.o
        78          0          0          0          0         80   rt_memclr_w.o
       138          0          0          0          0         68   rt_memcpy_v6.o
       100          0          0          0          0         80   rt_memcpy_w.o
         2          0          0          0          0          0   rtexit.o
        10          0          0          0          0          0   rtexit2.o
       128          0          0          0          0         68   strcmpv7m.o
        12          4          0          0          0         68   sys_exit.o
        74          0          0          0          0         80   sys_stackheap_outer.o
         2          0          0          0          0         68   use_no_semi.o
        12          0          0          0          0         68   dretinf.o
        86          4          0          0          0         84   f2d.o
        38          0          0          0          0         68   fflt_clz.o
       140          4          0          0          0         84   fnaninf.o
         4          0          0          0          0         68   printf1.o
         0          0          0          0          0          0   usenofp.o
        40          0          0          0          0         68   fpclassify.o

    ----------------------------------------------------------------------
      5102        198        176          0        100       3276   Library Totals
        14          0          0          0          4          0   (incl. Padding)

    ----------------------------------------------------------------------

      Code (inc. data)   RO Data    RW Data    ZI Data      Debug   Library Name

      4768        190        176          0         96       2836   c_w.l
       280          8          0          0          0        372   fz_ws.l
        40          0          0          0          0         68   m_ws.l

    ----------------------------------------------------------------------
      5102        198        176          0        100       3276   Library Totals

    ----------------------------------------------------------------------

==============================================================================


      Code (inc. data)   RO Data    RW Data    ZI Data      Debug   

     12802        788       2326         60       2924     527035   Grand Totals
     12802        788       2326         60       2924     527035   ELF Image Totals
     12802        788       2326         60          0          0   ROM Totals

==============================================================================

    Total RO  Size (Code + RO Data)                15128 (  14.77kB)
    Total RW  Size (RW Data + ZI Data)              2984 (   2.91kB)
    Total ROM Size (Code + RO Data + RW Data)      15188 (  14.83kB)

==============================================================================

